Archive member included to satisfy reference by file (symbol)

D:/ST/STM32CubeIDE_1.14.1/STM32CubeIDE/plugins/com.st.stm32cube.ide.mcu.externaltools.gnu-tools-for-stm32.11.3.rel1.win32_1.1.100.202309141235/tools/bin/../lib/gcc/arm-none-eabi/11.3.1/../../../../arm-none-eabi/lib/thumb/v7e-m+fp/hard\libc_nano.a(libc_a-exit.o)
                              D:/ST/STM32CubeIDE_1.14.1/STM32CubeIDE/plugins/com.st.stm32cube.ide.mcu.externaltools.gnu-tools-for-stm32.11.3.rel1.win32_1.1.100.202309141235/tools/bin/../lib/gcc/arm-none-eabi/11.3.1/../../../../arm-none-eabi/lib/thumb/v7e-m+fp/hard/crt0.o (exit)
D:/ST/STM32CubeIDE_1.14.1/STM32CubeIDE/plugins/com.st.stm32cube.ide.mcu.externaltools.gnu-tools-for-stm32.11.3.rel1.win32_1.1.100.202309141235/tools/bin/../lib/gcc/arm-none-eabi/11.3.1/../../../../arm-none-eabi/lib/thumb/v7e-m+fp/hard\libc_nano.a(libc_a-findfp.o)
                              D:/ST/STM32CubeIDE_1.14.1/STM32CubeIDE/plugins/com.st.stm32cube.ide.mcu.externaltools.gnu-tools-for-stm32.11.3.rel1.win32_1.1.100.202309141235/tools/bin/../lib/gcc/arm-none-eabi/11.3.1/../../../../arm-none-eabi/lib/thumb/v7e-m+fp/hard\libc_nano.a(libc_a-exit.o) (__stdio_exit_handler)
D:/ST/STM32CubeIDE_1.14.1/STM32CubeIDE/plugins/com.st.stm32cube.ide.mcu.externaltools.gnu-tools-for-stm32.11.3.rel1.win32_1.1.100.202309141235/tools/bin/../lib/gcc/arm-none-eabi/11.3.1/../../../../arm-none-eabi/lib/thumb/v7e-m+fp/hard\libc_nano.a(libc_a-fwalk.o)
                              D:/ST/STM32CubeIDE_1.14.1/STM32CubeIDE/plugins/com.st.stm32cube.ide.mcu.externaltools.gnu-tools-for-stm32.11.3.rel1.win32_1.1.100.202309141235/tools/bin/../lib/gcc/arm-none-eabi/11.3.1/../../../../arm-none-eabi/lib/thumb/v7e-m+fp/hard\libc_nano.a(libc_a-findfp.o) (_fwalk_sglue)
D:/ST/STM32CubeIDE_1.14.1/STM32CubeIDE/plugins/com.st.stm32cube.ide.mcu.externaltools.gnu-tools-for-stm32.11.3.rel1.win32_1.1.100.202309141235/tools/bin/../lib/gcc/arm-none-eabi/11.3.1/../../../../arm-none-eabi/lib/thumb/v7e-m+fp/hard\libc_nano.a(libc_a-snprintf.o)
                              ./Core/Src/card_db.o (snprintf)
D:/ST/STM32CubeIDE_1.14.1/STM32CubeIDE/plugins/com.st.stm32cube.ide.mcu.externaltools.gnu-tools-for-stm32.11.3.rel1.win32_1.1.100.202309141235/tools/bin/../lib/gcc/arm-none-eabi/11.3.1/../../../../arm-none-eabi/lib/thumb/v7e-m+fp/hard\libc_nano.a(libc_a-sprintf.o)
                              ./Core/Src/main.o (sprintf)
D:/ST/STM32CubeIDE_1.14.1/STM32CubeIDE/plugins/com.st.stm32cube.ide.mcu.externaltools.gnu-tools-for-stm32.11.3.rel1.win32_1.1.100.202309141235/tools/bin/../lib/gcc/arm-none-eabi/11.3.1/../../../../arm-none-eabi/lib/thumb/v7e-m+fp/hard\libc_nano.a(libc_a-stdio.o)
                              D:/ST/STM32CubeIDE_1.14.1/STM32CubeIDE/plugins/com.st.stm32cube.ide.mcu.externaltools.gnu-tools-for-stm32.11.3.rel1.win32_1.1.100.202309141235/tools/bin/../lib/gcc/arm-none-eabi/11.3.1/../../../../arm-none-eabi/lib/thumb/v7e-m+fp/hard\libc_nano.a(libc_a-findfp.o) (__sread)
D:/ST/STM32CubeIDE_1.14.1/STM32CubeIDE/plugins/com.st.stm32cube.ide.mcu.externaltools.gnu-tools-for-stm32.11.3.rel1.win32_1.1.100.202309141235/tools/bin/../lib/gcc/arm-none-eabi/11.3.1/../../../../arm-none-eabi/lib/thumb/v7e-m+fp/hard\libc_nano.a(libc_a-memcmp.o)
                              ./Core/Src/card_db.o (memcmp)
D:/ST/STM32CubeIDE_1.14.1/STM32CubeIDE/plugins/com.st.stm32cube.ide.mcu.externaltools.gnu-tools-for-stm32.11.3.rel1.win32_1.1.100.202309141235/tools/bin/../lib/gcc/arm-none-eabi/11.3.1/../../../../arm-none-eabi/lib/thumb/v7e-m+fp/hard\libc_nano.a(libc_a-memset.o)
                              D:/ST/STM32CubeIDE_1.14.1/STM32CubeIDE/plugins/com.st.stm32cube.ide.mcu.externaltools.gnu-tools-for-stm32.11.3.rel1.win32_1.1.100.202309141235/tools/bin/../lib/gcc/arm-none-eabi/11.3.1/../../../../arm-none-eabi/lib/thumb/v7e-m+fp/hard/crt0.o (memset)
D:/ST/STM32CubeIDE_1.14.1/STM32CubeIDE/plugins/com.st.stm32cube.ide.mcu.externaltools.gnu-tools-for-stm32.11.3.rel1.win32_1.1.100.202309141235/tools/bin/../lib/gcc/arm-none-eabi/11.3.1/../../../../arm-none-eabi/lib/thumb/v7e-m+fp/hard\libc_nano.a(libc_a-strncmp.o)
                              ./Core/Src/main.o (strncmp)
D:/ST/STM32CubeIDE_1.14.1/STM32CubeIDE/plugins/com.st.stm32cube.ide.mcu.externaltools.gnu-tools-for-stm32.11.3.rel1.win32_1.1.100.202309141235/tools/bin/../lib/gcc/arm-none-eabi/11.3.1/../../../../arm-none-eabi/lib/thumb/v7e-m+fp/hard\libc_nano.a(libc_a-closer.o)
                              D:/ST/STM32CubeIDE_1.14.1/STM32CubeIDE/plugins/com.st.stm32cube.ide.mcu.externaltools.gnu-tools-for-stm32.11.3.rel1.win32_1.1.100.202309141235/tools/bin/../lib/gcc/arm-none-eabi/11.3.1/../../../../arm-none-eabi/lib/thumb/v7e-m+fp/hard\libc_nano.a(libc_a-stdio.o) (_close_r)
[...]
Memory Configuration

Name             Origin             Length             Attributes
CCMRAM           0x0000000010000000 0x0000000000010000 xrw
RAM              0x0000000020000000 0x0000000000020000 xrw
FLASH            0x0000000008000000 0x0000000000100000 xr
*default*        0x0000000000000000 0xffffffffffffffff

Linker script and memory map

LOAD D:/ST/STM32CubeIDE_1.14.1/STM32CubeIDE/plugins/com.st.stm32cube.ide.mcu.externaltools.gnu-tools-for-stm32.11.3.rel1.win32_1.1.100.202309141235/tools/bin/../lib/gcc/arm-none-eabi/11.3.1/thumb/v7e-m+fp/hard/crti.o
LOAD D:/ST/STM32CubeIDE_1.14.1/STM32CubeIDE/plugins/com.st.stm32cube.ide.mcu.externaltools.gnu-tools-for-stm32.11.3.rel1.win32_1.1.100.202309141235/tools/bin/../lib/gcc/arm-none-eabi/11.3.1/thumb/v7e-m+fp/hard/crtbegin.o
LOAD D:/ST/STM32CubeIDE_1.14.1/STM32CubeIDE/plugins/com.st.stm32cube.ide.mcu.externaltools.gnu-tools-for-stm32.11.3.rel1.win32_1.1.100.202309141235/tools/bin/../lib/gcc/arm-none-eabi/11.3.1/../../../../arm-none-eabi/lib/thumb/v7e-m+fp/hard/crt0.o
LOAD ./Core/Src/card_db.o
LOAD ./Core/Src/dma.o
LOAD ./Core/Src/gpio.o
LOAD ./Core/Src/i2c.o
LOAD ./Core/Src/main.o
LOAD ./Core/Src/rc522.o
LOAD ./Core/Src/spi.o
LOAD ./Core/Src/stm32f4xx_hal_msp.o
LOAD ./Core/Src/stm32f4xx_hal_timebase_tim.o
LOAD ./Core/Src/stm32f4xx_it.o
LOAD ./Core/Src/syscalls.o
LOAD ./Core/Src/sysmem.o
LOAD ./Core/Src/system_stm32f4xx.o
LOAD ./Core/Src/usart.o
LOAD ./Core/Startup/startup_stm32f407vgtx.o
LOAD ./Drivers/LCD1602_I2C/lcd1602_i2c.o
LOAD ./Drivers/STM32F4xx_HAL_Driver/Src/stm32f4xx_hal.o
LOAD ./Drivers/STM32F4xx_HAL_Driver/Src/stm32f4xx_hal_cortex.o
LOAD ./Drivers/STM32F4xx_HAL_Driver/Src/stm32f4xx_hal_dma.o
LOAD ./Drivers/STM32F4xx_HAL_Driver/Src/stm32f4xx_hal_dma_ex.o
LOAD ./Drivers/STM32F4xx_HAL_Driver/Src/stm32f4xx_hal_exti.o
LOAD ./Drivers/STM32F4xx_HAL_Driver/Src/stm32f4xx_hal_flash.o
LOAD ./Drivers/STM32F4xx_HAL_Driver/Src/stm32f4xx_hal_flash_ex.o
LOAD ./Drivers/STM32F4xx_HAL_Driver/Src/stm32f4xx_hal_flash_ramfunc.o
LOAD ./Drivers/STM32F4xx_HAL_Driver/Src/stm32f4xx_hal_gpio.o
LOAD ./Drivers/STM32F4xx_HAL_Driver/Src/stm32f4xx_hal_i2c.o
LOAD ./Drivers/STM32F4xx_HAL_Driver/Src/stm32f4xx_hal_i2c_ex.o
LOAD ./Drivers/STM32F4xx_HAL_Driver/Src/stm32f4xx_hal_pwr.o
LOAD ./Drivers/STM32F4xx_HAL_Driver/Src/stm32f4xx_hal_pwr_ex.o
LOAD ./Drivers/STM32F4xx_HAL_Driver/Src/stm32f4xx_hal_rcc.o
LOAD ./Drivers/STM32F4xx_HAL_Driver/Src/stm32f4xx_hal_rcc_ex.o
LOAD ./Drivers/STM32F4xx_HAL_Driver/Src/stm32f4xx_hal_spi.o
LOAD ./Drivers/STM32F4xx_HAL_Driver/Src/stm32f4xx_hal_tim.o
LOAD ./Drivers/STM32F4xx_HAL_Driver/Src/stm32f4xx_hal_tim_ex.o
LOAD ./Drivers/STM32F4xx_HAL_Driver/Src/stm32f4xx_hal_uart.o
LOAD ./FreeRTOS/croutine.o
LOAD ./FreeRTOS/event_groups.o
LOAD ./FreeRTOS/list.o
LOAD ./FreeRTOS/queue.o
LOAD ./FreeRTOS/stream_buffer.o
LOAD ./FreeRTOS/tasks.o
LOAD ./FreeRTOS/timers.o
LOAD ./FreeRTOS/portable/ARM_CM4F/port.o
LOAD ./FreeRTOS/portable/MemMang/heap_4.o
START GROUP
LOAD D:/ST/STM32CubeIDE_1.14.1/STM32CubeIDE/plugins/com.st.stm32cube.ide.mcu.externaltools.gnu-tools-for-stm32.11.3.rel1.win32_1.1.100.202309141235/tools/bin/../lib/gcc/arm-none-eabi/11.3.1/../../../../arm-none-eabi/lib/thumb/v7e-m+fp/hard\libc_nano.a
LOAD D:/ST/STM32CubeIDE_1.14.1/STM32CubeIDE/plugins/com.st.stm32cube.ide.mcu.externaltools.gnu-tools-for-stm32.11.3.rel1.win32_1.1.100.202309141235/tools/bin/../lib/gcc/arm-none-eabi/11.3.1/../../../../arm-none-eabi/lib/thumb/v7e-m+fp/hard\libm.a
END GROUP
START GROUP
LOAD D:/ST/STM32CubeIDE_1.14.1/STM32CubeIDE/plugins/com.st.stm32cube.ide.mcu.externaltools.gnu-tools-for-stm32.11.3.rel1.win32_1.1.100.202309141235/tools/bin/../lib/gcc/arm-none-eabi/11.3.1/thumb/v7e-m+fp/hard\libgcc.a
LOAD D:/ST/STM32CubeIDE_1.14.1/STM32CubeIDE/plugins/com.st.stm32cube.ide.mcu.externaltools.gnu-tools-for-stm32.11.3.rel1.win32_1.1.100.202309141235/tools/bin/../lib/gcc/arm-none-eabi/11.3.1/../../../../arm-none-eabi/lib/thumb/v7e-m+fp/hard\libc_nano.a
END GROUP
START GROUP
LOAD D:/ST/STM32CubeIDE_1.14.1/STM32CubeIDE/plugins/com.st.stm32cube.ide.mcu.externaltools.gnu-tools-for-stm32.11.3.rel1.win32_1.1.100.202309141235/tools/bin/../lib/gcc/arm-none-eabi/11.3.1/thumb/v7e-m+fp/hard\libgcc.a
LOAD D:/ST/STM32CubeIDE_1.14.1/STM32CubeIDE/plugins/com.st.stm32cube.ide.mcu.externaltools.gnu-tools-for-stm32.11.3.rel1.win32_1.1.100.202309141235/tools/bin/../lib/gcc/arm-none-eabi/11.3.1/../../../../arm-none-eabi/lib/thumb/v7e-m+fp/hard\libc_nano.a
LOAD D:/ST/STM32CubeIDE_1.14.1/STM32CubeIDE/plugins/com.st.stm32cube.ide.mcu.externaltools.gnu-tools-for-stm32.11.3.rel1.win32_1.1.100.202309141235/tools/bin/../lib/gcc/arm-none-eabi/11.3.1/../../../../arm-none-eabi/lib/thumb/v7e-m+fp/hard\libnosys.a
END GROUP
START GROUP
LOAD D:/ST/STM32CubeIDE_1.14.1/STM32CubeIDE/plugins/com.st.stm32cube.ide.mcu.externaltools.gnu-tools-for-stm32.11.3.rel1.win32_1.1.100.202309141235/tools/bin/../lib/gcc/arm-none-eabi/11.3.1/thumb/v7e-m+fp/hard\libgcc.a
LOAD D:/ST/STM32CubeIDE_1.14.1/STM32CubeIDE/plugins/com.st.stm32cube.ide.mcu.externaltools.gnu-tools-for-stm32.11.3.rel1.win32_1.1.100.202309141235/tools/bin/../lib/gcc/arm-none-eabi/11.3.1/../../../../arm-none-eabi/lib/thumb/v7e-m+fp/hard\libc_nano.a
LOAD D:/ST/STM32CubeIDE_1.14.1/STM32CubeIDE/plugins/com.st.stm32cube.ide.mcu.externaltools.gnu-tools-for-stm32.11.3.rel1.win32_1.1.100.202309141235/tools/bin/../lib/gcc/arm-none-eabi/11.3.1/../../../../arm-none-eabi/lib/thumb/v7e-m+fp/hard\libnosys.a
END GROUP
LOAD D:/ST/STM32CubeIDE_1.14.1/STM32CubeIDE/plugins/com.st.stm32cube.ide.mcu.externaltools.gnu-tools-for-stm32.11.3.rel1.win32_1.1.100.202309141235/tools/bin/../lib/gcc/arm-none-eabi/11.3.1/thumb/v7e-m+fp/hard/crtend.o
LOAD D:/ST/STM32CubeIDE_1.14.1/STM32CubeIDE/plugins/com.st.stm32cube.ide.mcu.externaltools.gnu-tools-for-stm32.11.3.rel1.win32_1.1.100.202309141235/tools/bin/../lib/gcc/arm-none-eabi/11.3.1/thumb/v7e-m+fp/hard/crtn.o
                0x0000000020020000                _estack = (ORIGIN (RAM) + LENGTH (RAM))
                0x0000000000000200                _Min_Heap_Size = 0x200
                0x0000000000000400                _Min_Stack_Size = 0x400

.isr_vector     0x0000000008000000      0x188
                0x0000000008000000                . = ALIGN (0x4)
 *(.isr_vector)
 .isr_vector    0x0000000008000000      0x188 ./Core/Startup/startup_stm32f407vgtx.o
                0x0000000008000000                g_pfnVectors
                0x0000000008000188                . = ALIGN (0x4)

.text           0x0000000008000190     0xb328
                0x0000000008000190                . = ALIGN (0x4)
 *(.text)
 .text          0x0000000008000190       0x40 D:/ST/STM32CubeIDE_1.14.1/STM32CubeIDE/plugins/com.st.stm32cube.ide.mcu.externaltools.gnu-tools-for-stm32.11.3.rel1.win32_1.1.100.202309141235/tools/bin/../lib/gcc/arm-none-eabi/11.3.1/thumb/v7e-m+fp/hard/crtbegin.o
 .text          0x00000000080001d0       0x10 D:/ST/STM32CubeIDE_1.14.1/STM32CubeIDE/plugins/com.st.stm32cube.ide.mcu.externaltools.gnu-tools-for-stm32.11.3.rel1.win32_1.1.100.202309141235/tools/bin/../lib/gcc/arm-none-eabi/11.3.1/../../../../arm-none-eabi/lib/thumb/v7e-m+fp/hard\libc_nano.a(libc_a-strlen.o)
                0x00000000080001d0                strlen
 .text          0x00000000080001e0       0xa0 D:/ST/STM32CubeIDE_1.14.1/STM32CubeIDE/plugins/com.st.stm32cube.ide.mcu.externaltools.gnu-tools-for-stm32.11.3.rel1.win32_1.1.100.202309141235/tools/bin/../lib/gcc/arm-none-eabi/11.3.1/../../../../arm-none-eabi/lib/thumb/v7e-m+fp/hard\libc_nano.a(libc_a-memchr.o)
                0x00000000080001e0                memchr
 .text          0x0000000008000280       0x30 D:/ST/STM32CubeIDE_1.14.1/STM32CubeIDE/plugins/com.st.stm32cube.ide.mcu.externaltools.gnu-tools-for-stm32.11.3.rel1.win32_1.1.100.202309141235/tools/bin/../lib/gcc/arm-none-eabi/11.3.1/thumb/v7e-m+fp/hard\libgcc.a(_aeabi_uldivmod.o)
                0x0000000008000280                __aeabi_uldivmod
 .text          0x00000000080002b0      0x2c8 D:/ST/STM32CubeIDE_1.14.1/STM32CubeIDE/plugins/com.st.stm32cube.ide.mcu.externaltools.gnu-tools-for-stm32.11.3.rel1.win32_1.1.100.202309141235/tools/bin/../lib/gcc/arm-none-eabi/11.3.1/thumb/v7e-m+fp/hard\libgcc.a(_udivmoddi4.o)
                0x00000000080002b0                __udivmoddi4
 .text          0x0000000008000578        0x4 D:/ST/STM32CubeIDE_1.14.1/STM32CubeIDE/plugins/com.st.stm32cube.ide.mcu.externaltools.gnu-tools-for-stm32.11.3.rel1.win32_1.1.100.202309141235/tools/bin/../lib/gcc/arm-none-eabi/11.3.1/thumb/v7e-m+fp/hard\libgcc.a(_dvmd_tls.o)
                0x0000000008000578                __aeabi_idiv0
                0x0000000008000578                __aeabi_ldiv0
 *(.text*)
 .text.carddb_debug_flash_error
                0x000000000800057c       0x44 ./Core/Src/card_db.o
 .text.uid_equal
                0x00000000080005c0       0x28 ./Core/Src/card_db.o
 .text.uid_copy
                0x00000000080005e8       0x1c ./Core/Src/card_db.o
 .text.crc16_ccitt
                0x0000000008000604       0x7c ./Core/Src/card_db.o
 .text.card_log_crc
                0x0000000008000680       0x1a ./Core/Src/card_db.o
 .text.flash_region_is_erased
                0x000000000800069a       0x40 ./Core/Src/card_db.o
 .text.flash_read_log
                0x00000000080006da       0x1e ./Core/Src/card_db.o
 .text.flash_write_log
                0x00000000080006f8       0x94 ./Core/Src/card_db.o
 .text.flash_erase_block
                0x000000000800078c       0xc0 ./Core/Src/card_db.o
 .text.carddb_find_in_ram
                0x000000000800084c       0x60 ./Core/Src/card_db.o
 .text.carddb_ram_add
                0x00000000080008ac       0x78 ./Core/Src/card_db.o
 .text.carddb_ram_del
                0x0000000008000924       0x38 ./Core/Src/card_db.o
 .text.carddb_replay_from_flash
                0x000000000800095c      0x2cc ./Core/Src/card_db.o
 .text.carddb_init
                0x0000000008000c28       0x68 ./Core/Src/card_db.o
                0x0000000008000c28                carddb_init
 .text.carddb_check
                0x0000000008000c90       0x1e ./Core/Src/card_db.o
                0x0000000008000c90                carddb_check
 *fill*         0x0000000008000cae        0x2 
 .text.carddb_get_all
                0x0000000008000cb0       0x80 ./Core/Src/card_db.o
                0x0000000008000cb0                carddb_get_all
 .text.select_next_block_for_gc
                0x0000000008000d30       0x24 ./Core/Src/card_db.o
 .text.carddb_gc
                0x0000000008000d54      0x34c ./Core/Src/card_db.o
 .text.carddb_append_log
                0x00000000080010a0      0x278 ./Core/Src/card_db.o
 .text.carddb_dump_flash
                0x0000000008001318      0x130 ./Core/Src/card_db.o
 .text.carddb_add
                0x0000000008001448       0x20 ./Core/Src/card_db.o
                0x0000000008001448                carddb_add
 .text.carddb_remove
                0x0000000008001468       0x44 ./Core/Src/card_db.o
                0x0000000008001468                carddb_remove
 .text.MX_DMA_Init
                0x00000000080014ac       0x40 ./Core/Src/dma.o
                0x00000000080014ac                MX_DMA_Init
 .text.MX_GPIO_Init
                0x00000000080014ec      0x2a0 ./Core/Src/gpio.o
                0x00000000080014ec                MX_GPIO_Init
 .text.MX_I2C1_Init
                0x000000000800178c       0x5c ./Core/Src/i2c.o
                0x000000000800178c                MX_I2C1_Init
 .text.HAL_I2C_MspInit
                0x00000000080017e8       0x90 ./Core/Src/i2c.o
                0x00000000080017e8                HAL_I2C_MspInit
 .text.debug_print_carddb_codes.0
                0x0000000008001878       0xd0 ./Core/Src/main.o
 .text.main     0x0000000008001948      0x278 ./Core/Src/main.o
                0x0000000008001948                main
 .text.SystemClock_Config
                0x0000000008001bc0       0xd4 ./Core/Src/main.o
                0x0000000008001bc0                SystemClock_Config
 .text.Nfc_AddCard
                0x0000000008001c94       0x18 ./Core/Src/main.o
                0x0000000008001c94                Nfc_AddCard
 .text.Nfc_DeleteCard
                0x0000000008001cac       0x18 ./Core/Src/main.o
                0x0000000008001cac                Nfc_DeleteCard
 .text.Nfc_IsAuthorized
                0x0000000008001cc4       0x22 ./Core/Src/main.o
                0x0000000008001cc4                Nfc_IsAuthorized
 *fill*         0x0000000008001ce6        0x2 
 .text.read_keypad
                0x0000000008001ce8       0xfc ./Core/Src/main.o
 .text.vKeypadTask
                0x0000000008001de4      0x5dc ./Core/Src/main.o
                0x0000000008001de4                vKeypadTask
 .text.vNfcTask
                0x00000000080023c0      0x634 ./Core/Src/main.o
                0x00000000080023c0                vNfcTask
 .text.HAL_UART_RxCpltCallback
                0x00000000080029f4       0x6c ./Core/Src/main.o
                0x00000000080029f4                HAL_UART_RxCpltCallback
 .text.vBtTask  0x0000000008002a60      0x164 ./Core/Src/main.o
                0x0000000008002a60                vBtTask
 .text.vLcdTask
                0x0000000008002bc4       0x7c ./Core/Src/main.o
                0x0000000008002bc4                vLcdTask
 .text.vStateTask
                0x0000000008002c40      0x18c ./Core/Src/main.o
                0x0000000008002c40                vStateTask
 .text.HAL_TIM_PeriodElapsedCallback
                0x0000000008002dcc       0x24 ./Core/Src/main.o
                0x0000000008002dcc                HAL_TIM_PeriodElapsedCallback
 .text.Error_Handler
                0x0000000008002df0        0xa ./Core/Src/main.o
                0x0000000008002df0                Error_Handler
 *fill*         0x0000000008002dfa        0x2 
 .text.RC522_SPI_Transfer
                0x0000000008002dfc       0x2c ./Core/Src/rc522.o
                0x0000000008002dfc                RC522_SPI_Transfer
 .text.Write_MFRC522
                0x0000000008002e28       0x50 ./Core/Src/rc522.o
                0x0000000008002e28                Write_MFRC522
 .text.Read_MFRC522
                0x0000000008002e78       0x54 ./Core/Src/rc522.o
                0x0000000008002e78                Read_MFRC522
 .text.SetBitMask
                0x0000000008002ecc       0x36 ./Core/Src/rc522.o
                0x0000000008002ecc                SetBitMask
 .text.ClearBitMask
                0x0000000008002f02       0x40 ./Core/Src/rc522.o
                0x0000000008002f02                ClearBitMask
 .text.AntennaOn
                0x0000000008002f42       0x2a ./Core/Src/rc522.o
                0x0000000008002f42                AntennaOn
 .text.MFRC522_Reset
                0x0000000008002f6c       0x10 ./Core/Src/rc522.o
                0x0000000008002f6c                MFRC522_Reset
 .text.MFRC522_Init
                0x0000000008002f7c       0x70 ./Core/Src/rc522.o
                0x0000000008002f7c                MFRC522_Init
 .text.MFRC522_ToCard
                0x0000000008002fec      0x19e ./Core/Src/rc522.o
                0x0000000008002fec                MFRC522_ToCard
 .text.MFRC522_Request
                0x000000000800318a       0x4a ./Core/Src/rc522.o
                0x000000000800318a                MFRC522_Request
 .text.MFRC522_Anticoll
                0x00000000080031d4       0x7a ./Core/Src/rc522.o
                0x00000000080031d4                MFRC522_Anticoll
 *fill*         0x000000000800324e        0x2 
 .text.MX_SPI1_Init
                0x0000000008003250       0x6c ./Core/Src/spi.o
                0x0000000008003250                MX_SPI1_Init
 .text.HAL_SPI_MspInit
                0x00000000080032bc       0x90 ./Core/Src/spi.o
                0x00000000080032bc                HAL_SPI_MspInit
 .text.HAL_MspInit
                0x000000000800334c       0x50 ./Core/Src/stm32f4xx_hal_msp.o
                0x000000000800334c                HAL_MspInit
 .text.HAL_InitTick
                0x000000000800339c       0xf8 ./Core/Src/stm32f4xx_hal_timebase_tim.o
                0x000000000800339c                HAL_InitTick
 .text.NMI_Handler
                0x0000000008003494        0x6 ./Core/Src/stm32f4xx_it.o
                0x0000000008003494                NMI_Handler
 .text.HardFault_Handler
                0x000000000800349a        0x6 ./Core/Src/stm32f4xx_it.o
                0x000000000800349a                HardFault_Handler
 .text.MemManage_Handler
                0x00000000080034a0        0x6 ./Core/Src/stm32f4xx_it.o
                0x00000000080034a0                MemManage_Handler
 .text.BusFault_Handler
                0x00000000080034a6        0x6 ./Core/Src/stm32f4xx_it.o
                0x00000000080034a6                BusFault_Handler
 .text.UsageFault_Handler
                0x00000000080034ac        0x6 ./Core/Src/stm32f4xx_it.o
                0x00000000080034ac                UsageFault_Handler
 .text.DebugMon_Handler
                0x00000000080034b2        0xe ./Core/Src/stm32f4xx_it.o
                0x00000000080034b2                DebugMon_Handler
 .text.EXTI0_IRQHandler
                0x00000000080034c0        0xe ./Core/Src/stm32f4xx_it.o
                0x00000000080034c0                EXTI0_IRQHandler
 *fill*         0x00000000080034ce        0x2 
 .text.DMA1_Stream5_IRQHandler
                0x00000000080034d0       0x14 ./Core/Src/stm32f4xx_it.o
                0x00000000080034d0                DMA1_Stream5_IRQHandler
 .text.USART2_IRQHandler
                0x00000000080034e4       0x14 ./Core/Src/stm32f4xx_it.o
                0x00000000080034e4                USART2_IRQHandler
 .text.TIM7_IRQHandler
                0x00000000080034f8       0x14 ./Core/Src/stm32f4xx_it.o
                0x00000000080034f8                TIM7_IRQHandler
 .text._sbrk    0x000000000800350c       0x6c ./Core/Src/sysmem.o
                0x000000000800350c                _sbrk
 .text.SystemInit
                0x0000000008003578       0x24 ./Core/Src/system_stm32f4xx.o
                0x0000000008003578                SystemInit
 .text.MX_USART1_UART_Init
                0x000000000800359c       0x54 ./Core/Src/usart.o
                0x000000000800359c                MX_USART1_UART_Init
 .text.MX_USART2_UART_Init
                0x00000000080035f0       0x54 ./Core/Src/usart.o
                0x00000000080035f0                MX_USART2_UART_Init
 .text.MX_USART3_UART_Init
                0x0000000008003644       0x54 ./Core/Src/usart.o
                0x0000000008003644                MX_USART3_UART_Init
 .text.HAL_UART_MspInit
                0x0000000008003698      0x1d8 ./Core/Src/usart.o
                0x0000000008003698                HAL_UART_MspInit
 .text.Reset_Handler
                0x0000000008003870       0x50 ./Core/Startup/startup_stm32f407vgtx.o
                0x0000000008003870                Reset_Handler
 .text.Default_Handler
                0x00000000080038c0        0x2 ./Core/Startup/startup_stm32f407vgtx.o
                0x00000000080038c0                RTC_Alarm_IRQHandler
                0x00000000080038c0                HASH_RNG_IRQHandler
                0x00000000080038c0                EXTI2_IRQHandler
                0x00000000080038c0                TIM8_CC_IRQHandler
                0x00000000080038c0                TIM1_CC_IRQHandler
                0x00000000080038c0                DMA2_Stream5_IRQHandler
                0x00000000080038c0                PVD_IRQHandler
                0x00000000080038c0                SDIO_IRQHandler
                0x00000000080038c0                TAMP_STAMP_IRQHandler
                0x00000000080038c0                CAN2_RX1_IRQHandler
                0x00000000080038c0                EXTI3_IRQHandler
                0x00000000080038c0                TIM8_TRG_COM_TIM14_IRQHandler
                0x00000000080038c0                TIM1_UP_TIM10_IRQHandler
                0x00000000080038c0                TIM8_UP_TIM13_IRQHandler
                0x00000000080038c0                I2C3_ER_IRQHandler
                0x00000000080038c0                I2C2_EV_IRQHandler
                0x00000000080038c0                DMA1_Stream2_IRQHandler
                0x00000000080038c0                CAN1_RX0_IRQHandler
                0x00000000080038c0                FPU_IRQHandler
                0x00000000080038c0                OTG_HS_WKUP_IRQHandler
                0x00000000080038c0                CAN2_SCE_IRQHandler
                0x00000000080038c0                DMA2_Stream2_IRQHandler
                0x00000000080038c0                SPI1_IRQHandler
                0x00000000080038c0                TIM6_DAC_IRQHandler
                0x00000000080038c0                TIM1_BRK_TIM9_IRQHandler
                0x00000000080038c0                DCMI_IRQHandler
                0x00000000080038c0                CAN2_RX0_IRQHandler
                0x00000000080038c0                DMA2_Stream3_IRQHandler
                0x00000000080038c0                USART6_IRQHandler
                0x00000000080038c0                USART3_IRQHandler
                0x00000000080038c0                CAN1_RX1_IRQHandler
                0x00000000080038c0                UART5_IRQHandler
                0x00000000080038c0                DMA2_Stream0_IRQHandler
                0x00000000080038c0                TIM4_IRQHandler
                0x00000000080038c0                I2C1_EV_IRQHandler
                0x00000000080038c0                DMA1_Stream6_IRQHandler
                0x00000000080038c0                DMA1_Stream1_IRQHandler
                0x00000000080038c0                UART4_IRQHandler
                0x00000000080038c0                TIM3_IRQHandler
                0x00000000080038c0                RCC_IRQHandler
                0x00000000080038c0                TIM8_BRK_TIM12_IRQHandler
                0x00000000080038c0                Default_Handler
                0x00000000080038c0                EXTI15_10_IRQHandler
                0x00000000080038c0                ADC_IRQHandler
                0x00000000080038c0                DMA1_Stream7_IRQHandler
                0x00000000080038c0                CAN2_TX_IRQHandler
                0x00000000080038c0                TIM5_IRQHandler
                0x00000000080038c0                DMA2_Stream7_IRQHandler
                0x00000000080038c0                I2C3_EV_IRQHandler
                0x00000000080038c0                EXTI9_5_IRQHandler
                0x00000000080038c0                RTC_WKUP_IRQHandler
                0x00000000080038c0                ETH_WKUP_IRQHandler
                0x00000000080038c0                SPI2_IRQHandler
                0x00000000080038c0                OTG_HS_EP1_IN_IRQHandler
                0x00000000080038c0                DMA1_Stream0_IRQHandler
                0x00000000080038c0                CAN1_TX_IRQHandler
                0x00000000080038c0                EXTI4_IRQHandler
                0x00000000080038c0                FSMC_IRQHandler
                0x00000000080038c0                ETH_IRQHandler
                0x00000000080038c0                OTG_HS_EP1_OUT_IRQHandler
                0x00000000080038c0                WWDG_IRQHandler
                0x00000000080038c0                TIM2_IRQHandler
                0x00000000080038c0                OTG_FS_WKUP_IRQHandler
                0x00000000080038c0                TIM1_TRG_COM_TIM11_IRQHandler
                0x00000000080038c0                OTG_HS_IRQHandler
                0x00000000080038c0                EXTI1_IRQHandler
                0x00000000080038c0                I2C2_ER_IRQHandler
                0x00000000080038c0                DMA2_Stream1_IRQHandler
                0x00000000080038c0                CAN1_SCE_IRQHandler
                0x00000000080038c0                FLASH_IRQHandler
                0x00000000080038c0                DMA2_Stream4_IRQHandler
                0x00000000080038c0                USART1_IRQHandler
                0x00000000080038c0                OTG_FS_IRQHandler
                0x00000000080038c0                SPI3_IRQHandler
                0x00000000080038c0                DMA1_Stream4_IRQHandler
                0x00000000080038c0                I2C1_ER_IRQHandler
                0x00000000080038c0                DMA2_Stream6_IRQHandler
                0x00000000080038c0                DMA1_Stream3_IRQHandler
 .text.lcd1602_Init
                0x00000000080038c2      0x142 ./Drivers/LCD1602_I2C/lcd1602_i2c.o
                0x00000000080038c2                lcd1602_Init
 .text.lcd1602_Print
                0x0000000008003a04       0x4c ./Drivers/LCD1602_I2C/lcd1602_i2c.o
                0x0000000008003a04                lcd1602_Print
 .text.lcd1602_SetCursor
                0x0000000008003a50       0x54 ./Drivers/LCD1602_I2C/lcd1602_i2c.o
                0x0000000008003a50                lcd1602_SetCursor
 .text.lcd1602_Clear
                0x0000000008003aa4       0x40 ./Drivers/LCD1602_I2C/lcd1602_i2c.o
                0x0000000008003aa4                lcd1602_Clear
 .text.lcd1602_Display
                0x0000000008003ae4       0x86 ./Drivers/LCD1602_I2C/lcd1602_i2c.o
                0x0000000008003ae4                lcd1602_Display
 .text.lcd1602_LED
                0x0000000008003b6a       0x3e ./Drivers/LCD1602_I2C/lcd1602_i2c.o
                0x0000000008003b6a                lcd1602_LED
 .text.RS_Pin   0x0000000008003ba8       0x48 ./Drivers/LCD1602_I2C/lcd1602_i2c.o
                0x0000000008003ba8                RS_Pin
 .text.RW_Pin   0x0000000008003bf0       0x48 ./Drivers/LCD1602_I2C/lcd1602_i2c.o
                0x0000000008003bf0                RW_Pin
 .text.E_Pin    0x0000000008003c38       0x48 ./Drivers/LCD1602_I2C/lcd1602_i2c.o
                0x0000000008003c38                E_Pin
 .text.CtrlPinsRetrieve
                0x0000000008003c80       0x40 ./Drivers/LCD1602_I2C/lcd1602_i2c.o
                0x0000000008003c80                CtrlPinsRetrieve
 .text.Instruction_Write
                0x0000000008003cc0       0x86 ./Drivers/LCD1602_I2C/lcd1602_i2c.o
                0x0000000008003cc0                Instruction_Write
 .text.Data_Write
                0x0000000008003d46       0x86 ./Drivers/LCD1602_I2C/lcd1602_i2c.o
                0x0000000008003d46                Data_Write
 .text.HAL_Init
                0x0000000008003dcc       0x44 ./Drivers/STM32F4xx_HAL_Driver/Src/stm32f4xx_hal.o
                0x0000000008003dcc                HAL_Init
 .text.HAL_IncTick
                0x0000000008003e10       0x28 ./Drivers/STM32F4xx_HAL_Driver/Src/stm32f4xx_hal.o
                0x0000000008003e10                HAL_IncTick
 .text.HAL_GetTick
                0x0000000008003e38       0x18 ./Drivers/STM32F4xx_HAL_Driver/Src/stm32f4xx_hal.o
                0x0000000008003e38                HAL_GetTick
 .text.HAL_Delay
                0x0000000008003e50       0x48 ./Drivers/STM32F4xx_HAL_Driver/Src/stm32f4xx_hal.o
                0x0000000008003e50                HAL_Delay
 .text.__NVIC_SetPriorityGrouping
                0x0000000008003e98       0x48 ./Drivers/STM32F4xx_HAL_Driver/Src/stm32f4xx_hal_cortex.o
 .text.__NVIC_GetPriorityGrouping
                0x0000000008003ee0       0x1c ./Drivers/STM32F4xx_HAL_Driver/Src/stm32f4xx_hal_cortex.o
 .text.__NVIC_EnableIRQ
                0x0000000008003efc       0x3c ./Drivers/STM32F4xx_HAL_Driver/Src/stm32f4xx_hal_cortex.o
 .text.__NVIC_SetPriority
                0x0000000008003f38       0x54 ./Drivers/STM32F4xx_HAL_Driver/Src/stm32f4xx_hal_cortex.o
 .text.NVIC_EncodePriority
                0x0000000008003f8c       0x66 ./Drivers/STM32F4xx_HAL_Driver/Src/stm32f4xx_hal_cortex.o
 .text.HAL_NVIC_SetPriorityGrouping
                0x0000000008003ff2       0x16 ./Drivers/STM32F4xx_HAL_Driver/Src/stm32f4xx_hal_cortex.o
                0x0000000008003ff2                HAL_NVIC_SetPriorityGrouping
 .text.HAL_NVIC_SetPriority
                0x0000000008004008       0x38 ./Drivers/STM32F4xx_HAL_Driver/Src/stm32f4xx_hal_cortex.o
                0x0000000008004008                HAL_NVIC_SetPriority
 .text.HAL_NVIC_EnableIRQ
                0x0000000008004040       0x1c ./Drivers/STM32F4xx_HAL_Driver/Src/stm32f4xx_hal_cortex.o
                0x0000000008004040                HAL_NVIC_EnableIRQ
 .text.HAL_DMA_Init
                0x000000000800405c      0x15c ./Drivers/STM32F4xx_HAL_Driver/Src/stm32f4xx_hal_dma.o
                0x000000000800405c                HAL_DMA_Init
 .text.HAL_DMA_Start_IT
                0x00000000080041b8       0xb0 ./Drivers/STM32F4xx_HAL_Driver/Src/stm32f4xx_hal_dma.o
                0x00000000080041b8                HAL_DMA_Start_IT
 .text.HAL_DMA_Abort
                0x0000000008004268       0xe0 ./Drivers/STM32F4xx_HAL_Driver/Src/stm32f4xx_hal_dma.o
                0x0000000008004268                HAL_DMA_Abort
 .text.HAL_DMA_Abort_IT
                0x0000000008004348       0x44 ./Drivers/STM32F4xx_HAL_Driver/Src/stm32f4xx_hal_dma.o
                0x0000000008004348                HAL_DMA_Abort_IT
 .text.HAL_DMA_IRQHandler
                0x000000000800438c      0x314 ./Drivers/STM32F4xx_HAL_Driver/Src/stm32f4xx_hal_dma.o
                0x000000000800438c                HAL_DMA_IRQHandler
 .text.DMA_SetConfig
                0x00000000080046a0       0x5c ./Drivers/STM32F4xx_HAL_Driver/Src/stm32f4xx_hal_dma.o
 .text.DMA_CalcBaseAndBitshift
                0x00000000080046fc       0x6c ./Drivers/STM32F4xx_HAL_Driver/Src/stm32f4xx_hal_dma.o
 .text.DMA_CheckFifoParam
                0x0000000008004768       0xf8 ./Drivers/STM32F4xx_HAL_Driver/Src/stm32f4xx_hal_dma.o
 .text.HAL_FLASH_Program
                0x0000000008004860       0xa4 ./Drivers/STM32F4xx_HAL_Driver/Src/stm32f4xx_hal_flash.o
                0x0000000008004860                HAL_FLASH_Program
 .text.HAL_FLASH_Unlock
                0x0000000008004904       0x44 ./Drivers/STM32F4xx_HAL_Driver/Src/stm32f4xx_hal_flash.o
                0x0000000008004904                HAL_FLASH_Unlock
 .text.HAL_FLASH_Lock
                0x0000000008004948       0x20 ./Drivers/STM32F4xx_HAL_Driver/Src/stm32f4xx_hal_flash.o
                0x0000000008004948                HAL_FLASH_Lock
 .text.HAL_FLASH_GetError
                0x0000000008004968       0x18 ./Drivers/STM32F4xx_HAL_Driver/Src/stm32f4xx_hal_flash.o
                0x0000000008004968                HAL_FLASH_GetError
 .text.FLASH_WaitForLastOperation
                0x0000000008004980       0x80 ./Drivers/STM32F4xx_HAL_Driver/Src/stm32f4xx_hal_flash.o
                0x0000000008004980                FLASH_WaitForLastOperation
 .text.FLASH_Program_DoubleWord
                0x0000000008004a00       0x64 ./Drivers/STM32F4xx_HAL_Driver/Src/stm32f4xx_hal_flash.o
 .text.FLASH_Program_Word
                0x0000000008004a64       0x44 ./Drivers/STM32F4xx_HAL_Driver/Src/stm32f4xx_hal_flash.o
 .text.FLASH_Program_HalfWord
                0x0000000008004aa8       0x48 ./Drivers/STM32F4xx_HAL_Driver/Src/stm32f4xx_hal_flash.o
 .text.FLASH_Program_Byte
                0x0000000008004af0       0x44 ./Drivers/STM32F4xx_HAL_Driver/Src/stm32f4xx_hal_flash.o
 .text.FLASH_SetErrorCode
                0x0000000008004b34       0xac ./Drivers/STM32F4xx_HAL_Driver/Src/stm32f4xx_hal_flash.o
 .text.HAL_FLASHEx_Erase
                0x0000000008004be0       0xdc ./Drivers/STM32F4xx_HAL_Driver/Src/stm32f4xx_hal_flash_ex.o
                0x0000000008004be0                HAL_FLASHEx_Erase
 .text.FLASH_MassErase
                0x0000000008004cbc       0x48 ./Drivers/STM32F4xx_HAL_Driver/Src/stm32f4xx_hal_flash_ex.o
 .text.FLASH_Erase_Sector
                0x0000000008004d04       0x90 ./Drivers/STM32F4xx_HAL_Driver/Src/stm32f4xx_hal_flash_ex.o
                0x0000000008004d04                FLASH_Erase_Sector
 .text.FLASH_FlushCaches
                0x0000000008004d94       0x8c ./Drivers/STM32F4xx_HAL_Driver/Src/stm32f4xx_hal_flash_ex.o
                0x0000000008004d94                FLASH_FlushCaches
 .text.HAL_GPIO_Init
                0x0000000008004e20      0x338 ./Drivers/STM32F4xx_HAL_Driver/Src/stm32f4xx_hal_gpio.o
                0x0000000008004e20                HAL_GPIO_Init
 .text.HAL_GPIO_ReadPin
                0x0000000008005158       0x30 ./Drivers/STM32F4xx_HAL_Driver/Src/stm32f4xx_hal_gpio.o
                0x0000000008005158                HAL_GPIO_ReadPin
 .text.HAL_GPIO_WritePin
                0x0000000008005188       0x32 ./Drivers/STM32F4xx_HAL_Driver/Src/stm32f4xx_hal_gpio.o
                0x0000000008005188                HAL_GPIO_WritePin
 .text.HAL_GPIO_TogglePin
                0x00000000080051ba       0x34 ./Drivers/STM32F4xx_HAL_Driver/Src/stm32f4xx_hal_gpio.o
                0x00000000080051ba                HAL_GPIO_TogglePin
 *fill*         0x00000000080051ee        0x2 
 .text.HAL_GPIO_EXTI_IRQHandler
                0x00000000080051f0       0x30 ./Drivers/STM32F4xx_HAL_Driver/Src/stm32f4xx_hal_gpio.o
                0x00000000080051f0                HAL_GPIO_EXTI_IRQHandler
 .text.HAL_GPIO_EXTI_Callback
                0x0000000008005220       0x16 ./Drivers/STM32F4xx_HAL_Driver/Src/stm32f4xx_hal_gpio.o
                0x0000000008005220                HAL_GPIO_EXTI_Callback
 *fill*         0x0000000008005236        0x2 
 .text.HAL_I2C_Init
                0x0000000008005238      0x288 ./Drivers/STM32F4xx_HAL_Driver/Src/stm32f4xx_hal_i2c.o
                0x0000000008005238                HAL_I2C_Init
 .text.HAL_I2C_Master_Transmit
                0x00000000080054c0      0x1fc ./Drivers/STM32F4xx_HAL_Driver/Src/stm32f4xx_hal_i2c.o
                0x00000000080054c0                HAL_I2C_Master_Transmit
 .text.I2C_MasterRequestWrite
                0x00000000080056bc      0x104 ./Drivers/STM32F4xx_HAL_Driver/Src/stm32f4xx_hal_i2c.o
 .text.I2C_WaitOnFlagUntilTimeout
                0x00000000080057c0       0xf4 ./Drivers/STM32F4xx_HAL_Driver/Src/stm32f4xx_hal_i2c.o
 .text.I2C_WaitOnMasterAddressFlagUntilTimeout
                0x00000000080058b4      0x140 ./Drivers/STM32F4xx_HAL_Driver/Src/stm32f4xx_hal_i2c.o
 .text.I2C_WaitOnTXEFlagUntilTimeout
                0x00000000080059f4       0x90 ./Drivers/STM32F4xx_HAL_Driver/Src/stm32f4xx_hal_i2c.o
 .text.I2C_WaitOnBTFFlagUntilTimeout
                0x0000000008005a84       0x90 ./Drivers/STM32F4xx_HAL_Driver/Src/stm32f4xx_hal_i2c.o
 .text.I2C_IsAcknowledgeFailed
                0x0000000008005b14       0x5e ./Drivers/STM32F4xx_HAL_Driver/Src/stm32f4xx_hal_i2c.o
 *fill*         0x0000000008005b72        0x2 
 .text.HAL_RCC_OscConfig
                0x0000000008005b74      0x4f0 ./Drivers/STM32F4xx_HAL_Driver/Src/stm32f4xx_hal_rcc.o
                0x0000000008005b74                HAL_RCC_OscConfig
 .text.HAL_RCC_ClockConfig
                0x0000000008006064      0x1cc ./Drivers/STM32F4xx_HAL_Driver/Src/stm32f4xx_hal_rcc.o
                0x0000000008006064                HAL_RCC_ClockConfig
 .text.HAL_RCC_GetSysClockFreq
                0x0000000008006230      0x20c ./Drivers/STM32F4xx_HAL_Driver/Src/stm32f4xx_hal_rcc.o
                0x0000000008006230                HAL_RCC_GetSysClockFreq
 .text.HAL_RCC_GetHCLKFreq
                0x000000000800643c       0x18 ./Drivers/STM32F4xx_HAL_Driver/Src/stm32f4xx_hal_rcc.o
                0x000000000800643c                HAL_RCC_GetHCLKFreq
 .text.HAL_RCC_GetPCLK1Freq
                0x0000000008006454       0x28 ./Drivers/STM32F4xx_HAL_Driver/Src/stm32f4xx_hal_rcc.o
                0x0000000008006454                HAL_RCC_GetPCLK1Freq
 .text.HAL_RCC_GetPCLK2Freq
                0x000000000800647c       0x28 ./Drivers/STM32F4xx_HAL_Driver/Src/stm32f4xx_hal_rcc.o
                0x000000000800647c                HAL_RCC_GetPCLK2Freq
 .text.HAL_RCC_GetClockConfig
                0x00000000080064a4       0x64 ./Drivers/STM32F4xx_HAL_Driver/Src/stm32f4xx_hal_rcc.o
                0x00000000080064a4                HAL_RCC_GetClockConfig
 .text.HAL_SPI_Init
                0x0000000008006508      0x112 ./Drivers/STM32F4xx_HAL_Driver/Src/stm32f4xx_hal_spi.o
                0x0000000008006508                HAL_SPI_Init
 .text.HAL_SPI_TransmitReceive
                0x000000000800661a      0x352 ./Drivers/STM32F4xx_HAL_Driver/Src/stm32f4xx_hal_spi.o
                0x000000000800661a                HAL_SPI_TransmitReceive
 .text.SPI_WaitFlagStateUntilTimeout
                0x000000000800696c      0x110 ./Drivers/STM32F4xx_HAL_Driver/Src/stm32f4xx_hal_spi.o
 .text.SPI_EndRxTxTransaction
                0x0000000008006a7c       0xa8 ./Drivers/STM32F4xx_HAL_Driver/Src/stm32f4xx_hal_spi.o
 .text.HAL_TIM_Base_Init
                0x0000000008006b24       0x9e ./Drivers/STM32F4xx_HAL_Driver/Src/stm32f4xx_hal_tim.o
                0x0000000008006b24                HAL_TIM_Base_Init
 .text.HAL_TIM_Base_MspInit
                0x0000000008006bc2       0x14 ./Drivers/STM32F4xx_HAL_Driver/Src/stm32f4xx_hal_tim.o
                0x0000000008006bc2                HAL_TIM_Base_MspInit
 *fill*         0x0000000008006bd6        0x2 
 .text.HAL_TIM_Base_Start_IT
                0x0000000008006bd8       0xe0 ./Drivers/STM32F4xx_HAL_Driver/Src/stm32f4xx_hal_tim.o
                0x0000000008006bd8                HAL_TIM_Base_Start_IT
 .text.HAL_TIM_IRQHandler
                0x0000000008006cb8      0x1e0 ./Drivers/STM32F4xx_HAL_Driver/Src/stm32f4xx_hal_tim.o
                0x0000000008006cb8                HAL_TIM_IRQHandler
 .text.HAL_TIM_OC_DelayElapsedCallback
                0x0000000008006e98       0x14 ./Drivers/STM32F4xx_HAL_Driver/Src/stm32f4xx_hal_tim.o
                0x0000000008006e98                HAL_TIM_OC_DelayElapsedCallback
 .text.HAL_TIM_IC_CaptureCallback
                0x0000000008006eac       0x14 ./Drivers/STM32F4xx_HAL_Driver/Src/stm32f4xx_hal_tim.o
                0x0000000008006eac                HAL_TIM_IC_CaptureCallback
 .text.HAL_TIM_PWM_PulseFinishedCallback
                0x0000000008006ec0       0x14 ./Drivers/STM32F4xx_HAL_Driver/Src/stm32f4xx_hal_tim.o
                0x0000000008006ec0                HAL_TIM_PWM_PulseFinishedCallback
 .text.HAL_TIM_TriggerCallback
                0x0000000008006ed4       0x14 ./Drivers/STM32F4xx_HAL_Driver/Src/stm32f4xx_hal_tim.o
                0x0000000008006ed4                HAL_TIM_TriggerCallback
 .text.TIM_Base_SetConfig
                0x0000000008006ee8      0x14c ./Drivers/STM32F4xx_HAL_Driver/Src/stm32f4xx_hal_tim.o
                0x0000000008006ee8                TIM_Base_SetConfig
 .text.HAL_TIMEx_CommutCallback
                0x0000000008007034       0x14 ./Drivers/STM32F4xx_HAL_Driver/Src/stm32f4xx_hal_tim_ex.o
                0x0000000008007034                HAL_TIMEx_CommutCallback
 .text.HAL_TIMEx_BreakCallback
                0x0000000008007048       0x14 ./Drivers/STM32F4xx_HAL_Driver/Src/stm32f4xx_hal_tim_ex.o
                0x0000000008007048                HAL_TIMEx_BreakCallback
 .text.HAL_UART_Init
                0x000000000800705c       0xa0 ./Drivers/STM32F4xx_HAL_Driver/Src/stm32f4xx_hal_uart.o
                0x000000000800705c                HAL_UART_Init
 .text.HAL_UART_Transmit
                0x00000000080070fc      0x116 ./Drivers/STM32F4xx_HAL_Driver/Src/stm32f4xx_hal_uart.o
                0x00000000080070fc                HAL_UART_Transmit
 .text.HAL_UART_Receive_DMA
                0x0000000008007212       0x4a ./Drivers/STM32F4xx_HAL_Driver/Src/stm32f4xx_hal_uart.o
                0x0000000008007212                HAL_UART_Receive_DMA
 .text.HAL_UART_IRQHandler
                0x000000000800725c      0x554 ./Drivers/STM32F4xx_HAL_Driver/Src/stm32f4xx_hal_uart.o
                0x000000000800725c                HAL_UART_IRQHandler
 .text.HAL_UART_TxCpltCallback
                0x00000000080077b0       0x14 ./Drivers/STM32F4xx_HAL_Driver/Src/stm32f4xx_hal_uart.o
                0x00000000080077b0                HAL_UART_TxCpltCallback
 .text.HAL_UART_RxHalfCpltCallback
                0x00000000080077c4       0x14 ./Drivers/STM32F4xx_HAL_Driver/Src/stm32f4xx_hal_uart.o
                0x00000000080077c4                HAL_UART_RxHalfCpltCallback
 .text.HAL_UART_ErrorCallback
                0x00000000080077d8       0x14 ./Drivers/STM32F4xx_HAL_Driver/Src/stm32f4xx_hal_uart.o
                0x00000000080077d8                HAL_UART_ErrorCallback
 .text.HAL_UARTEx_RxEventCallback
                0x00000000080077ec       0x18 ./Drivers/STM32F4xx_HAL_Driver/Src/stm32f4xx_hal_uart.o
                0x00000000080077ec                HAL_UARTEx_RxEventCallback
 .text.UART_DMAReceiveCplt
                0x0000000008007804      0x12c ./Drivers/STM32F4xx_HAL_Driver/Src/stm32f4xx_hal_uart.o
 .text.UART_DMARxHalfCplt
                0x0000000008007930       0x3c ./Drivers/STM32F4xx_HAL_Driver/Src/stm32f4xx_hal_uart.o
 .text.UART_DMAError
                0x000000000800796c       0x94 ./Drivers/STM32F4xx_HAL_Driver/Src/stm32f4xx_hal_uart.o
 .text.UART_WaitOnFlagUntilTimeout
                0x0000000008007a00       0xb2 ./Drivers/STM32F4xx_HAL_Driver/Src/stm32f4xx_hal_uart.o
 *fill*         0x0000000008007ab2        0x2 
 .text.UART_Start_Receive_DMA
                0x0000000008007ab4      0x14c ./Drivers/STM32F4xx_HAL_Driver/Src/stm32f4xx_hal_uart.o
                0x0000000008007ab4                UART_Start_Receive_DMA
 .text.UART_EndTxTransfer
                0x0000000008007c00       0x50 ./Drivers/STM32F4xx_HAL_Driver/Src/stm32f4xx_hal_uart.o
 .text.UART_EndRxTransfer
                0x0000000008007c50       0xc6 ./Drivers/STM32F4xx_HAL_Driver/Src/stm32f4xx_hal_uart.o
 .text.UART_DMAAbortOnError
                0x0000000008007d16       0x22 ./Drivers/STM32F4xx_HAL_Driver/Src/stm32f4xx_hal_uart.o
 .text.UART_Transmit_IT
                0x0000000008007d38       0xa0 ./Drivers/STM32F4xx_HAL_Driver/Src/stm32f4xx_hal_uart.o
 .text.UART_EndTransmit_IT
                0x0000000008007dd8       0x30 ./Drivers/STM32F4xx_HAL_Driver/Src/stm32f4xx_hal_uart.o
 .text.UART_Receive_IT
                0x0000000008007e08      0x17c ./Drivers/STM32F4xx_HAL_Driver/Src/stm32f4xx_hal_uart.o
 .text.UART_SetConfig
                0x0000000008007f84      0x4e8 ./Drivers/STM32F4xx_HAL_Driver/Src/stm32f4xx_hal_uart.o
 .text.vListInitialise
                0x000000000800846c       0x40 ./FreeRTOS/list.o
                0x000000000800846c                vListInitialise
 .text.vListInitialiseItem
                0x00000000080084ac       0x1a ./FreeRTOS/list.o
                0x00000000080084ac                vListInitialiseItem
 .text.vListInsertEnd
                0x00000000080084c6       0x48 ./FreeRTOS/list.o
                0x00000000080084c6                vListInsertEnd
 .text.vListInsert
                0x000000000800850e       0x72 ./FreeRTOS/list.o
                0x000000000800850e                vListInsert
 .text.uxListRemove
                0x0000000008008580       0x54 ./FreeRTOS/list.o
                0x0000000008008580                uxListRemove
 .text.xQueueGenericReset
                0x00000000080085d4       0xd0 ./FreeRTOS/queue.o
                0x00000000080085d4                xQueueGenericReset
 .text.xQueueGenericCreate
                0x00000000080086a4       0x78 ./FreeRTOS/queue.o
                0x00000000080086a4                xQueueGenericCreate
 .text.prvInitialiseNewQueue
                0x000000000800871c       0x46 ./FreeRTOS/queue.o
 *fill*         0x0000000008008762        0x2 
 .text.xQueueGenericSend
                0x0000000008008764      0x1fc ./FreeRTOS/queue.o
                0x0000000008008764                xQueueGenericSend
 .text.xQueueGenericSendFromISR
                0x0000000008008960      0x130 ./FreeRTOS/queue.o
                0x0000000008008960                xQueueGenericSendFromISR
 .text.xQueueReceive
                0x0000000008008a90      0x1c0 ./FreeRTOS/queue.o
                0x0000000008008a90                xQueueReceive
 .text.prvCopyDataToQueue
                0x0000000008008c50       0xd4 ./FreeRTOS/queue.o
 .text.prvCopyDataFromQueue
                0x0000000008008d24       0x4c ./FreeRTOS/queue.o
 .text.prvUnlockQueue
                0x0000000008008d70       0xa4 ./FreeRTOS/queue.o
 .text.prvIsQueueEmpty
                0x0000000008008e14       0x2c ./FreeRTOS/queue.o
 .text.prvIsQueueFull
                0x0000000008008e40       0x30 ./FreeRTOS/queue.o
 .text.vQueueAddToRegistry
                0x0000000008008e70       0x54 ./FreeRTOS/queue.o
                0x0000000008008e70                vQueueAddToRegistry
 .text.vQueueWaitForMessageRestricted
                0x0000000008008ec4       0x68 ./FreeRTOS/queue.o
                0x0000000008008ec4                vQueueWaitForMessageRestricted
 .text.xTaskCreate
                0x0000000008008f2c       0x82 ./FreeRTOS/tasks.o
                0x0000000008008f2c                xTaskCreate
 .text.prvInitialiseNewTask
                0x0000000008008fae      0x11e ./FreeRTOS/tasks.o
 .text.prvAddNewTaskToReadyList
                0x00000000080090cc       0xdc ./FreeRTOS/tasks.o
 .text.vTaskDelay
                0x00000000080091a8       0x68 ./FreeRTOS/tasks.o
                0x00000000080091a8                vTaskDelay
 .text.vTaskStartScheduler
                0x0000000008009210       0x9c ./FreeRTOS/tasks.o
                0x0000000008009210                vTaskStartScheduler
 .text.vTaskSuspendAll
                0x00000000080092ac       0x1c ./FreeRTOS/tasks.o
                0x00000000080092ac                vTaskSuspendAll
 .text.xTaskResumeAll
                0x00000000080092c8      0x138 ./FreeRTOS/tasks.o
                0x00000000080092c8                xTaskResumeAll
 .text.xTaskGetTickCount
                0x0000000008009400       0x20 ./FreeRTOS/tasks.o
                0x0000000008009400                xTaskGetTickCount
 .text.xTaskIncrementTick
                0x0000000008009420      0x170 ./FreeRTOS/tasks.o
                0x0000000008009420                xTaskIncrementTick
 .text.vTaskSwitchContext
                0x0000000008009590       0xb8 ./FreeRTOS/tasks.o
                0x0000000008009590                vTaskSwitchContext
 .text.vTaskPlaceOnEventList
                0x0000000008009648       0x48 ./FreeRTOS/tasks.o
                0x0000000008009648                vTaskPlaceOnEventList
 .text.vTaskPlaceOnEventListRestricted
                0x0000000008009690       0x58 ./FreeRTOS/tasks.o
                0x0000000008009690                vTaskPlaceOnEventListRestricted
 .text.xTaskRemoveFromEventList
                0x00000000080096e8       0xc4 ./FreeRTOS/tasks.o
                0x00000000080096e8                xTaskRemoveFromEventList
 .text.vTaskInternalSetTimeOutState
                0x00000000080097ac       0x2c ./FreeRTOS/tasks.o
                0x00000000080097ac                vTaskInternalSetTimeOutState
 .text.xTaskCheckForTimeOut
                0x00000000080097d8       0xc4 ./FreeRTOS/tasks.o
                0x00000000080097d8                xTaskCheckForTimeOut
 .text.vTaskMissedYield
                0x000000000800989c       0x18 ./FreeRTOS/tasks.o
                0x000000000800989c                vTaskMissedYield
 .text.prvIdleTask
                0x00000000080098b4       0x30 ./FreeRTOS/tasks.o
 .text.prvInitialiseTaskLists
                0x00000000080098e4       0x80 ./FreeRTOS/tasks.o
 .text.prvCheckTasksWaitingTermination
                0x0000000008009964       0x5c ./FreeRTOS/tasks.o
 .text.prvDeleteTCB
                0x00000000080099c0       0x20 ./FreeRTOS/tasks.o
 .text.prvResetNextTaskUnblockTime
                0x00000000080099e0       0x40 ./FreeRTOS/tasks.o
 .text.xTaskGetSchedulerState
                0x0000000008009a20       0x3c ./FreeRTOS/tasks.o
                0x0000000008009a20                xTaskGetSchedulerState
 .text.xTaskPriorityDisinherit
                0x0000000008009a5c      0x10c ./FreeRTOS/tasks.o
                0x0000000008009a5c                xTaskPriorityDisinherit
 .text.prvAddCurrentTaskToDelayedList
                0x0000000008009b68       0xcc ./FreeRTOS/tasks.o
 .text.xTimerCreateTimerTask
                0x0000000008009c34       0x64 ./FreeRTOS/timers.o
                0x0000000008009c34                xTimerCreateTimerTask
 .text.xTimerGenericCommand
                0x0000000008009c98       0x9c ./FreeRTOS/timers.o
                0x0000000008009c98                xTimerGenericCommand
 .text.prvProcessExpiredTimer
                0x0000000008009d34       0x98 ./FreeRTOS/timers.o
 .text.prvTimerTask
                0x0000000008009dcc       0x24 ./FreeRTOS/timers.o
 .text.prvProcessTimerOrBlockTask
                0x0000000008009df0       0x9c ./FreeRTOS/timers.o
 .text.prvGetNextExpireTime
                0x0000000008009e8c       0x48 ./FreeRTOS/timers.o
 .text.prvSampleTimeNow
                0x0000000008009ed4       0x40 ./FreeRTOS/timers.o
 .text.prvInsertTimerInActiveList
                0x0000000008009f14       0x84 ./FreeRTOS/timers.o
 .text.prvProcessReceivedCommands
                0x0000000008009f98      0x18c ./FreeRTOS/timers.o
 .text.prvSwitchTimerLists
                0x000000000800a124       0xc8 ./FreeRTOS/timers.o
 .text.prvCheckForValidListAndQueue
                0x000000000800a1ec       0x6c ./FreeRTOS/timers.o
 .text.pxPortInitialiseStack
                0x000000000800a258       0x68 ./FreeRTOS/portable/ARM_CM4F/port.o
                0x000000000800a258                pxPortInitialiseStack
 .text.prvTaskExitError
                0x000000000800a2c0       0x58 ./FreeRTOS/portable/ARM_CM4F/port.o
 *fill*         0x000000000800a318        0x8 
 .text.SVC_Handler
                0x000000000800a320       0x28 ./FreeRTOS/portable/ARM_CM4F/port.o
                0x000000000800a320                SVC_Handler
 .text.prvPortStartFirstTask
                0x000000000800a348       0x28 ./FreeRTOS/portable/ARM_CM4F/port.o
 .text.xPortStartScheduler
                0x000000000800a370      0x144 ./FreeRTOS/portable/ARM_CM4F/port.o
                0x000000000800a370                xPortStartScheduler
 .text.vPortEnterCritical
                0x000000000800a4b4       0x60 ./FreeRTOS/portable/ARM_CM4F/port.o
                0x000000000800a4b4                vPortEnterCritical
 .text.vPortExitCritical
                0x000000000800a514       0x54 ./FreeRTOS/portable/ARM_CM4F/port.o
                0x000000000800a514                vPortExitCritical
 *fill*         0x000000000800a568        0x8 
 .text.PendSV_Handler
                0x000000000800a570       0x68 ./FreeRTOS/portable/ARM_CM4F/port.o
                0x000000000800a570                PendSV_Handler
 .text.SysTick_Handler
                0x000000000800a5d8       0x44 ./FreeRTOS/portable/ARM_CM4F/port.o
                0x000000000800a5d8                SysTick_Handler
 .text.vPortSetupTimerInterrupt
                0x000000000800a61c       0x48 ./FreeRTOS/portable/ARM_CM4F/port.o
                0x000000000800a61c                vPortSetupTimerInterrupt
 .text.vPortEnableVFP
                0x000000000800a664       0x14 ./FreeRTOS/portable/ARM_CM4F/port.o
 .text.vPortValidateInterruptPriority
                0x000000000800a678       0x80 ./FreeRTOS/portable/ARM_CM4F/port.o
                0x000000000800a678                vPortValidateInterruptPriority
 .text.pvPortMalloc
                0x000000000800a6f8      0x188 ./FreeRTOS/portable/MemMang/heap_4.o
                0x000000000800a6f8                pvPortMalloc
 .text.vPortFree
                0x000000000800a880       0xb4 ./FreeRTOS/portable/MemMang/heap_4.o
                0x000000000800a880                vPortFree
 .text.prvHeapInit
                0x000000000800a934       0xc4 ./FreeRTOS/portable/MemMang/heap_4.o
 .text.prvInsertBlockIntoFreeList
                0x000000000800a9f8       0xb4 ./FreeRTOS/portable/MemMang/heap_4.o
 .text.snprintf
                0x000000000800aaac       0x68 D:/ST/STM32CubeIDE_1.14.1/STM32CubeIDE/plugins/com.st.stm32cube.ide.mcu.externaltools.gnu-tools-for-stm32.11.3.rel1.win32_1.1.100.202309141235/tools/bin/../lib/gcc/arm-none-eabi/11.3.1/../../../../arm-none-eabi/lib/thumb/v7e-m+fp/hard\libc_nano.a(libc_a-snprintf.o)
                0x000000000800aaac                sniprintf
                0x000000000800aaac                snprintf
 .text.sprintf  0x000000000800ab14       0x40 D:/ST/STM32CubeIDE_1.14.1/STM32CubeIDE/plugins/com.st.stm32cube.ide.mcu.externaltools.gnu-tools-for-stm32.11.3.rel1.win32_1.1.100.202309141235/tools/bin/../lib/gcc/arm-none-eabi/11.3.1/../../../../arm-none-eabi/lib/thumb/v7e-m+fp/hard\libc_nano.a(libc_a-sprintf.o)
                0x000000000800ab14                siprintf
                0x000000000800ab14                sprintf
 .text.memcmp   0x000000000800ab54       0x20 D:/ST/STM32CubeIDE_1.14.1/STM32CubeIDE/plugins/com.st.stm32cube.ide.mcu.externaltools.gnu-tools-for-stm32.11.3.rel1.win32_1.1.100.202309141235/tools/bin/../lib/gcc/arm-none-eabi/11.3.1/../../../../arm-none-eabi/lib/thumb/v7e-m+fp/hard\libc_nano.a(libc_a-memcmp.o)
                0x000000000800ab54                memcmp
 .text.memset   0x000000000800ab74       0x10 D:/ST/STM32CubeIDE_1.14.1/STM32CubeIDE/plugins/com.st.stm32cube.ide.mcu.externaltools.gnu-tools-for-stm32.11.3.rel1.win32_1.1.100.202309141235/tools/bin/../lib/gcc/arm-none-eabi/11.3.1/../../../../arm-none-eabi/lib/thumb/v7e-m+fp/hard\libc_nano.a(libc_a-memset.o)
                0x000000000800ab74                memset
 .text.strncmp  0x000000000800ab84       0x24 D:/ST/STM32CubeIDE_1.14.1/STM32CubeIDE/plugins/com.st.stm32cube.ide.mcu.externaltools.gnu-tools-for-stm32.11.3.rel1.win32_1.1.100.202309141235/tools/bin/../lib/gcc/arm-none-eabi/11.3.1/../../../../arm-none-eabi/lib/thumb/v7e-m+fp/hard\libc_nano.a(libc_a-strncmp.o)
                0x000000000800ab84                strncmp
 .text.__errno  0x000000000800aba8        0xc D:/ST/STM32CubeIDE_1.14.1/STM32CubeIDE/plugins/com.st.stm32cube.ide.mcu.externaltools.gnu-tools-for-stm32.11.3.rel1.win32_1.1.100.202309141235/tools/bin/../lib/gcc/arm-none-eabi/11.3.1/../../../../arm-none-eabi/lib/thumb/v7e-m+fp/hard\libc_nano.a(libc_a-errno.o)
                0x000000000800aba8                __errno
 .text.__libc_init_array
                0x000000000800abb4       0x48 D:/ST/STM32CubeIDE_1.14.1/STM32CubeIDE/plugins/com.st.stm32cube.ide.mcu.externaltools.gnu-tools-for-stm32.11.3.rel1.win32_1.1.100.202309141235/tools/bin/../lib/gcc/arm-none-eabi/11.3.1/../../../../arm-none-eabi/lib/thumb/v7e-m+fp/hard\libc_nano.a(libc_a-init.o)
                0x000000000800abb4                __libc_init_array
 .text.__retarget_lock_acquire_recursive
                0x000000000800abfc        0x2 D:/ST/STM32CubeIDE_1.14.1/STM32CubeIDE/plugins/com.st.stm32cube.ide.mcu.externaltools.gnu-tools-for-stm32.11.3.rel1.win32_1.1.100.202309141235/tools/bin/../lib/gcc/arm-none-eabi/11.3.1/../../../../arm-none-eabi/lib/thumb/v7e-m+fp/hard\libc_nano.a(libc_a-lock.o)
                0x000000000800abfc                __retarget_lock_acquire_recursive
 .text.__retarget_lock_release_recursive
                0x000000000800abfe        0x2 D:/ST/STM32CubeIDE_1.14.1/STM32CubeIDE/plugins/com.st.stm32cube.ide.mcu.externaltools.gnu-tools-for-stm32.11.3.rel1.win32_1.1.100.202309141235/tools/bin/../lib/gcc/arm-none-eabi/11.3.1/../../../../arm-none-eabi/lib/thumb/v7e-m+fp/hard\libc_nano.a(libc_a-lock.o)
                0x000000000800abfe                __retarget_lock_release_recursive
 .text.memcpy   0x000000000800ac00       0x1c D:/ST/STM32CubeIDE_1.14.1/STM32CubeIDE/plugins/com.st.stm32cube.ide.mcu.externaltools.gnu-tools-for-stm32.11.3.rel1.win32_1.1.100.202309141235/tools/bin/../lib/gcc/arm-none-eabi/11.3.1/../../../../arm-none-eabi/lib/thumb/v7e-m+fp/hard\libc_nano.a(libc_a-memcpy-stub.o)
                0x000000000800ac00                memcpy
 .text._free_r  0x000000000800ac1c       0x98 D:/ST/STM32CubeIDE_1.14.1/STM32CubeIDE/plugins/com.st.stm32cube.ide.mcu.externaltools.gnu-tools-for-stm32.11.3.rel1.win32_1.1.100.202309141235/tools/bin/../lib/gcc/arm-none-eabi/11.3.1/../../../../arm-none-eabi/lib/thumb/v7e-m+fp/hard\libc_nano.a(libc_a-freer.o)
                0x000000000800ac1c                _free_r
 .text.sbrk_aligned
                0x000000000800acb4       0x40 D:/ST/STM32CubeIDE_1.14.1/STM32CubeIDE/plugins/com.st.stm32cube.ide.mcu.externaltools.gnu-tools-for-stm32.11.3.rel1.win32_1.1.100.202309141235/tools/bin/../lib/gcc/arm-none-eabi/11.3.1/../../../../arm-none-eabi/lib/thumb/v7e-m+fp/hard\libc_nano.a(libc_a-mallocr.o)
 .text._malloc_r
                0x000000000800acf4      0x100 D:/ST/STM32CubeIDE_1.14.1/STM32CubeIDE/plugins/com.st.stm32cube.ide.mcu.externaltools.gnu-tools-for-stm32.11.3.rel1.win32_1.1.100.202309141235/tools/bin/../lib/gcc/arm-none-eabi/11.3.1/../../../../arm-none-eabi/lib/thumb/v7e-m+fp/hard\libc_nano.a(libc_a-mallocr.o)
                0x000000000800acf4                _malloc_r
 .text.__malloc_lock
                0x000000000800adf4        0xc D:/ST/STM32CubeIDE_1.14.1/STM32CubeIDE/plugins/com.st.stm32cube.ide.mcu.externaltools.gnu-tools-for-stm32.11.3.rel1.win32_1.1.100.202309141235/tools/bin/../lib/gcc/arm-none-eabi/11.3.1/../../../../arm-none-eabi/lib/thumb/v7e-m+fp/hard\libc_nano.a(libc_a-mlock.o)
                0x000000000800adf4                __malloc_lock
 .text.__malloc_unlock
                0x000000000800ae00        0xc D:/ST/STM32CubeIDE_1.14.1/STM32CubeIDE/plugins/com.st.stm32cube.ide.mcu.externaltools.gnu-tools-for-stm32.11.3.rel1.win32_1.1.100.202309141235/tools/bin/../lib/gcc/arm-none-eabi/11.3.1/../../../../arm-none-eabi/lib/thumb/v7e-m+fp/hard\libc_nano.a(libc_a-mlock.o)
                0x000000000800ae00                __malloc_unlock
 .text.__ssputs_r
                0x000000000800ae0c       0xb4 D:/ST/STM32CubeIDE_1.14.1/STM32CubeIDE/plugins/com.st.stm32cube.ide.mcu.externaltools.gnu-tools-for-stm32.11.3.rel1.win32_1.1.100.202309141235/tools/bin/../lib/gcc/arm-none-eabi/11.3.1/../../../../arm-none-eabi/lib/thumb/v7e-m+fp/hard\libc_nano.a(libc_a-nano-svfprintf.o)
                0x000000000800ae0c                __ssputs_r
 .text._svfprintf_r
                0x000000000800aec0      0x1fc D:/ST/STM32CubeIDE_1.14.1/STM32CubeIDE/plugins/com.st.stm32cube.ide.mcu.externaltools.gnu-tools-for-stm32.11.3.rel1.win32_1.1.100.202309141235/tools/bin/../lib/gcc/arm-none-eabi/11.3.1/../../../../arm-none-eabi/lib/thumb/v7e-m+fp/hard\libc_nano.a(libc_a-nano-svfprintf.o)
                0x000000000800aec0                _svfiprintf_r
                0x000000000800aec0                _svfprintf_r
 .text._printf_common
                0x000000000800b0bc       0xda D:/ST/STM32CubeIDE_1.14.1/STM32CubeIDE/plugins/com.st.stm32cube.ide.mcu.externaltools.gnu-tools-for-stm32.11.3.rel1.win32_1.1.100.202309141235/tools/bin/../lib/gcc/arm-none-eabi/11.3.1/../../../../arm-none-eabi/lib/thumb/v7e-m+fp/hard\libc_nano.a(libc_a-nano-vfprintf_i.o)
                0x000000000800b0bc                _printf_common
 *fill*         0x000000000800b196        0x2 
 .text._printf_i
                0x000000000800b198      0x244 D:/ST/STM32CubeIDE_1.14.1/STM32CubeIDE/plugins/com.st.stm32cube.ide.mcu.externaltools.gnu-tools-for-stm32.11.3.rel1.win32_1.1.100.202309141235/tools/bin/../lib/gcc/arm-none-eabi/11.3.1/../../../../arm-none-eabi/lib/thumb/v7e-m+fp/hard\libc_nano.a(libc_a-nano-vfprintf_i.o)
                0x000000000800b198                _printf_i
 .text.memmove  0x000000000800b3dc       0x34 D:/ST/STM32CubeIDE_1.14.1/STM32CubeIDE/plugins/com.st.stm32cube.ide.mcu.externaltools.gnu-tools-for-stm32.11.3.rel1.win32_1.1.100.202309141235/tools/bin/../lib/gcc/arm-none-eabi/11.3.1/../../../../arm-none-eabi/lib/thumb/v7e-m+fp/hard\libc_nano.a(libc_a-memmove.o)
                0x000000000800b3dc                memmove
 .text._sbrk_r  0x000000000800b410       0x20 D:/ST/STM32CubeIDE_1.14.1/STM32CubeIDE/plugins/com.st.stm32cube.ide.mcu.externaltools.gnu-tools-for-stm32.11.3.rel1.win32_1.1.100.202309141235/tools/bin/../lib/gcc/arm-none-eabi/11.3.1/../../../../arm-none-eabi/lib/thumb/v7e-m+fp/hard\libc_nano.a(libc_a-sbrkr.o)
                0x000000000800b410                _sbrk_r
 .text._realloc_r
                0x000000000800b430       0x5e D:/ST/STM32CubeIDE_1.14.1/STM32CubeIDE/plugins/com.st.stm32cube.ide.mcu.externaltools.gnu-tools-for-stm32.11.3.rel1.win32_1.1.100.202309141235/tools/bin/../lib/gcc/arm-none-eabi/11.3.1/../../../../arm-none-eabi/lib/thumb/v7e-m+fp/hard\libc_nano.a(libc_a-reallocr.o)
                0x000000000800b430                _realloc_r
 .text._malloc_usable_size_r
                0x000000000800b48e       0x10 D:/ST/STM32CubeIDE_1.14.1/STM32CubeIDE/plugins/com.st.stm32cube.ide.mcu.externaltools.gnu-tools-for-stm32.11.3.rel1.win32_1.1.100.202309141235/tools/bin/../lib/gcc/arm-none-eabi/11.3.1/../../../../arm-none-eabi/lib/thumb/v7e-m+fp/hard\libc_nano.a(libc_a-msizer.o)
                0x000000000800b48e                _malloc_usable_size_r
 *(.glue_7)
 .glue_7        0x000000000800b49e        0x0 linker stubs
 *(.glue_7t)
 .glue_7t       0x000000000800b49e        0x0 linker stubs
 *(.eh_frame)
 *fill*         0x000000000800b49e        0x2 
 .eh_frame      0x000000000800b4a0        0x0 D:/ST/STM32CubeIDE_1.14.1/STM32CubeIDE/plugins/com.st.stm32cube.ide.mcu.externaltools.gnu-tools-for-stm32.11.3.rel1.win32_1.1.100.202309141235/tools/bin/../lib/gcc/arm-none-eabi/11.3.1/thumb/v7e-m+fp/hard/crtbegin.o
 *(.init)
 .init          0x000000000800b4a0        0x4 D:/ST/STM32CubeIDE_1.14.1/STM32CubeIDE/plugins/com.st.stm32cube.ide.mcu.externaltools.gnu-tools-for-stm32.11.3.rel1.win32_1.1.100.202309141235/tools/bin/../lib/gcc/arm-none-eabi/11.3.1/thumb/v7e-m+fp/hard/crti.o
                0x000000000800b4a0                _init
 .init          0x000000000800b4a4        0x8 D:/ST/STM32CubeIDE_1.14.1/STM32CubeIDE/plugins/com.st.stm32cube.ide.mcu.externaltools.gnu-tools-for-stm32.11.3.rel1.win32_1.1.100.202309141235/tools/bin/../lib/gcc/arm-none-eabi/11.3.1/thumb/v7e-m+fp/hard/crtn.o
 *(.fini)
 .fini          0x000000000800b4ac        0x4 D:/ST/STM32CubeIDE_1.14.1/STM32CubeIDE/plugins/com.st.stm32cube.ide.mcu.externaltools.gnu-tools-for-stm32.11.3.rel1.win32_1.1.100.202309141235/tools/bin/../lib/gcc/arm-none-eabi/11.3.1/thumb/v7e-m+fp/hard/crti.o
                0x000000000800b4ac                _fini
 .fini          0x000000000800b4b0        0x8 D:/ST/STM32CubeIDE_1.14.1/STM32CubeIDE/plugins/com.st.stm32cube.ide.mcu.externaltools.gnu-tools-for-stm32.11.3.rel1.win32_1.1.100.202309141235/tools/bin/../lib/gcc/arm-none-eabi/11.3.1/thumb/v7e-m+fp/hard/crtn.o
                0x000000000800b4b8                . = ALIGN (0x4)
                0x000000000800b4b8                _etext = .

.vfp11_veneer   0x000000000800b4b8        0x0
 .vfp11_veneer  0x000000000800b4b8        0x0 linker stubs

.v4_bx          0x000000000800b4b8        0x0
 .v4_bx         0x000000000800b4b8        0x0 linker stubs

.iplt           0x000000000800b4b8        0x0
 .iplt          0x000000000800b4b8        0x0 D:/ST/STM32CubeIDE_1.14.1/STM32CubeIDE/plugins/com.st.stm32cube.ide.mcu.externaltools.gnu-tools-for-stm32.11.3.rel1.win32_1.1.100.202309141235/tools/bin/../lib/gcc/arm-none-eabi/11.3.1/thumb/v7e-m+fp/hard/crtbegin.o

.rodata         0x000000000800b4b8      0xc1c
                0x000000000800b4b8                . = ALIGN (0x4)
 *(.rodata)
 .rodata        0x000000000800b4b8      0x529 ./Core/Src/card_db.o
 *fill*         0x000000000800b9e1        0x3 
 .rodata        0x000000000800b9e4      0x664 ./Core/Src/main.o
 .rodata        0x000000000800c048        0x5 ./FreeRTOS/tasks.o
 *fill*         0x000000000800c04d        0x3 
 .rodata        0x000000000800c050        0xd ./FreeRTOS/timers.o
 *(.rodata*)
 *fill*         0x000000000800c05d        0x3 
 .rodata.unlockPin
                0x000000000800c060        0x5 ./Core/Src/main.o
                0x000000000800c060                unlockPin
 *fill*         0x000000000800c065        0x3 
 .rodata.lockPin
                0x000000000800c068        0x5 ./Core/Src/main.o
                0x000000000800c068                lockPin
 *fill*         0x000000000800c06d        0x3 
 .rodata.keys.1
                0x000000000800c070       0x10 ./Core/Src/main.o
 .rodata.AHBPrescTable
                0x000000000800c080       0x10 ./Core/Src/system_stm32f4xx.o
                0x000000000800c080                AHBPrescTable
 .rodata.APBPrescTable
                0x000000000800c090        0x8 ./Core/Src/system_stm32f4xx.o
                0x000000000800c090                APBPrescTable
 .rodata.flagBitshiftOffset.0
                0x000000000800c098        0x8 ./Drivers/STM32F4xx_HAL_Driver/Src/stm32f4xx_hal_dma.o
 .rodata._svfprintf_r.str1.1
                0x000000000800c0a0       0x11 D:/ST/STM32CubeIDE_1.14.1/STM32CubeIDE/plugins/com.st.stm32cube.ide.mcu.externaltools.gnu-tools-for-stm32.11.3.rel1.win32_1.1.100.202309141235/tools/bin/../lib/gcc/arm-none-eabi/11.3.1/../../../../arm-none-eabi/lib/thumb/v7e-m+fp/hard\libc_nano.a(libc_a-nano-svfprintf.o)
 .rodata._printf_i.str1.1
                0x000000000800c0b1       0x22 D:/ST/STM32CubeIDE_1.14.1/STM32CubeIDE/plugins/com.st.stm32cube.ide.mcu.externaltools.gnu-tools-for-stm32.11.3.rel1.win32_1.1.100.202309141235/tools/bin/../lib/gcc/arm-none-eabi/11.3.1/../../../../arm-none-eabi/lib/thumb/v7e-m+fp/hard\libc_nano.a(libc_a-nano-vfprintf_i.o)
                0x000000000800c0d4                . = ALIGN (0x4)
 *fill*         0x000000000800c0d3        0x1 

.ARM.extab      0x000000000800c0d4        0x0
                0x000000000800c0d4                . = ALIGN (0x4)
 *(.ARM.extab* .gnu.linkonce.armextab.*)
                0x000000000800c0d4                . = ALIGN (0x4)

.ARM            0x000000000800c0d4        0x8
                0x000000000800c0d4                . = ALIGN (0x4)
                0x000000000800c0d4                __exidx_start = .
 *(.ARM.exidx*)
 .ARM.exidx     0x000000000800c0d4        0x8 D:/ST/STM32CubeIDE_1.14.1/STM32CubeIDE/plugins/com.st.stm32cube.ide.mcu.externaltools.gnu-tools-for-stm32.11.3.rel1.win32_1.1.100.202309141235/tools/bin/../lib/gcc/arm-none-eabi/11.3.1/thumb/v7e-m+fp/hard\libgcc.a(_udivmoddi4.o)
                0x000000000800c0dc                __exidx_end = .
                0x000000000800c0dc                . = ALIGN (0x4)

.rel.dyn        0x000000000800c0dc        0x0
 .rel.iplt      0x000000000800c0dc        0x0 D:/ST/STM32CubeIDE_1.14.1/STM32CubeIDE/plugins/com.st.stm32cube.ide.mcu.externaltools.gnu-tools-for-stm32.11.3.rel1.win32_1.1.100.202309141235/tools/bin/../lib/gcc/arm-none-eabi/11.3.1/thumb/v7e-m+fp/hard/crtbegin.o

.preinit_array  0x000000000800c0dc        0x0
                0x000000000800c0dc                . = ALIGN (0x4)
                0x000000000800c0dc                PROVIDE (__preinit_array_start = .)
 *(.preinit_array*)
                0x000000000800c0dc                PROVIDE (__preinit_array_end = .)
                0x000000000800c0dc                . = ALIGN (0x4)

.init_array     0x000000000800c0dc        0x4
                0x000000000800c0dc                . = ALIGN (0x4)
                0x000000000800c0dc                PROVIDE (__init_array_start = .)
 *(SORT_BY_NAME(.init_array.*))
 *(.init_array*)
 .init_array    0x000000000800c0dc        0x4 D:/ST/STM32CubeIDE_1.14.1/STM32CubeIDE/plugins/com.st.stm32cube.ide.mcu.externaltools.gnu-tools-for-stm32.11.3.rel1.win32_1.1.100.202309141235/tools/bin/../lib/gcc/arm-none-eabi/11.3.1/thumb/v7e-m+fp/hard/crtbegin.o
                0x000000000800c0e0                PROVIDE (__init_array_end = .)
                0x000000000800c0e0                . = ALIGN (0x4)

.fini_array     0x000000000800c0e0        0x4
                0x000000000800c0e0                . = ALIGN (0x4)
                [!provide]                        PROVIDE (__fini_array_start = .)
 *(SORT_BY_NAME(.fini_array.*))
 *(.fini_array*)
 .fini_array    0x000000000800c0e0        0x4 D:/ST/STM32CubeIDE_1.14.1/STM32CubeIDE/plugins/com.st.stm32cube.ide.mcu.externaltools.gnu-tools-for-stm32.11.3.rel1.win32_1.1.100.202309141235/tools/bin/../lib/gcc/arm-none-eabi/11.3.1/thumb/v7e-m+fp/hard/crtbegin.o
                [!provide]                        PROVIDE (__fini_array_end = .)
                0x000000000800c0e4                . = ALIGN (0x4)
                0x000000000800c0e4                _sidata = LOADADDR (.data)

.data           0x0000000020000000       0xa0 load address 0x000000000800c0e4
                0x0000000020000000                . = ALIGN (0x4)
                0x0000000020000000                _sdata = .
 *(.data)
 *(.data*)
 .data.g_blocks
                0x0000000020000000       0x20 ./Core/Src/card_db.o
 .data.SystemCoreClock
                0x0000000020000020        0x4 ./Core/Src/system_stm32f4xx.o
                0x0000000020000020                SystemCoreClock
 .data.uwTickPrio
                0x0000000020000024        0x4 ./Drivers/STM32F4xx_HAL_Driver/Src/stm32f4xx_hal.o
                0x0000000020000024                uwTickPrio
 .data.uwTickFreq
                0x0000000020000028        0x1 ./Drivers/STM32F4xx_HAL_Driver/Src/stm32f4xx_hal.o
                0x0000000020000028                uwTickFreq
 *fill*         0x0000000020000029        0x3 
 .data.pFlash   0x000000002000002c       0x20 ./Drivers/STM32F4xx_HAL_Driver/Src/stm32f4xx_hal_flash.o
                0x000000002000002c                pFlash
 .data.uxCriticalNesting
                0x000000002000004c        0x4 ./FreeRTOS/portable/ARM_CM4F/port.o
 .data._impure_data
                0x0000000020000050       0x4c D:/ST/STM32CubeIDE_1.14.1/STM32CubeIDE/plugins/com.st.stm32cube.ide.mcu.externaltools.gnu-tools-for-stm32.11.3.rel1.win32_1.1.100.202309141235/tools/bin/../lib/gcc/arm-none-eabi/11.3.1/../../../../arm-none-eabi/lib/thumb/v7e-m+fp/hard\libc_nano.a(libc_a-impure.o)
                0x0000000020000050                _impure_data
 .data._impure_ptr
                0x000000002000009c        0x4 D:/ST/STM32CubeIDE_1.14.1/STM32CubeIDE/plugins/com.st.stm32cube.ide.mcu.externaltools.gnu-tools-for-stm32.11.3.rel1.win32_1.1.100.202309141235/tools/bin/../lib/gcc/arm-none-eabi/11.3.1/../../../../arm-none-eabi/lib/thumb/v7e-m+fp/hard\libc_nano.a(libc_a-impure.o)
                0x000000002000009c                _impure_ptr
 *(.RamFunc)
 *(.RamFunc*)
                0x00000000200000a0                . = ALIGN (0x4)
                0x00000000200000a0                _edata = .
                0x000000000800c184                _siccmram = LOADADDR (.ccmram)

.igot.plt       0x00000000200000a0        0x0 load address 0x000000000800c184
 .igot.plt      0x00000000200000a0        0x0 D:/ST/STM32CubeIDE_1.14.1/STM32CubeIDE/plugins/com.st.stm32cube.ide.mcu.externaltools.gnu-tools-for-stm32.11.3.rel1.win32_1.1.100.202309141235/tools/bin/../lib/gcc/arm-none-eabi/11.3.1/thumb/v7e-m+fp/hard/crtbegin.o

.ccmram         0x0000000010000000        0x0 load address 0x000000000800c184
                0x0000000010000000                . = ALIGN (0x4)
                0x0000000010000000                _sccmram = .
 *(.ccmram)
 *(.ccmram*)
                0x0000000010000000                . = ALIGN (0x4)
                0x0000000010000000                _eccmram = .
                0x0000000010000000                . = ALIGN (0x4)

.bss            0x00000000200000a0    0x13228
                0x00000000200000a0                _sbss = .
                0x00000000200000a0                __bss_start__ = _sbss
 *(.bss)
 .bss           0x00000000200000a0       0x1c D:/ST/STM32CubeIDE_1.14.1/STM32CubeIDE/plugins/com.st.stm32cube.ide.mcu.externaltools.gnu-tools-for-stm32.11.3.rel1.win32_1.1.100.202309141235/tools/bin/../lib/gcc/arm-none-eabi/11.3.1/thumb/v7e-m+fp/hard/crtbegin.o
 *(.bss*)
 .bss.g_active_block
                0x00000000200000bc        0x4 ./Core/Src/card_db.o
 .bss.g_last_seq
                0x00000000200000c0        0x2 ./Core/Src/card_db.o
 *fill*         0x00000000200000c2        0x2 
 .bss.g_next_addr
                0x00000000200000c4        0x4 ./Core/Src/card_db.o
 .bss.g_cards   0x00000000200000c8       0xc0 ./Core/Src/card_db.o
 .bss.hi2c1     0x0000000020000188       0x54 ./Core/Src/i2c.o
                0x0000000020000188                hi2c1
 .bss.gNfcMode  0x00000000200001dc        0x1 ./Core/Src/main.o
 *fill*         0x00000000200001dd        0x3 
 .bss.xEventQueue
                0x00000000200001e0        0x4 ./Core/Src/main.o
                0x00000000200001e0                xEventQueue
 .bss.xLcdQ     0x00000000200001e4        0x4 ./Core/Src/main.o
                0x00000000200001e4                xLcdQ
 .bss.xBtRxQ    0x00000000200001e8        0x4 ./Core/Src/main.o
                0x00000000200001e8                xBtRxQ
 .bss.hlcd      0x00000000200001ec       0x10 ./Core/Src/main.o
                0x00000000200001ec                hlcd
 .bss.gBtRxByte
                0x00000000200001fc        0x1 ./Core/Src/main.o
                0x00000000200001fc                gBtRxByte
 .bss.gIsUnlocked
                0x00000000200001fd        0x1 ./Core/Src/main.o
 *fill*         0x00000000200001fe        0x2 
 .bss.hspi1     0x0000000020000200       0x58 ./Core/Src/spi.o
                0x0000000020000200                hspi1
 .bss.htim7     0x0000000020000258       0x48 ./Core/Src/stm32f4xx_hal_timebase_tim.o
                0x0000000020000258                htim7
 .bss.__sbrk_heap_end
                0x00000000200002a0        0x4 ./Core/Src/sysmem.o
 .bss.huart1    0x00000000200002a4       0x48 ./Core/Src/usart.o
                0x00000000200002a4                huart1
 .bss.huart2    0x00000000200002ec       0x48 ./Core/Src/usart.o
                0x00000000200002ec                huart2
 .bss.huart3    0x0000000020000334       0x48 ./Core/Src/usart.o
                0x0000000020000334                huart3
 .bss.hdma_usart2_rx
                0x000000002000037c       0x60 ./Core/Src/usart.o
                0x000000002000037c                hdma_usart2_rx
 .bss.uwTick    0x00000000200003dc        0x4 ./Drivers/STM32F4xx_HAL_Driver/Src/stm32f4xx_hal.o
                0x00000000200003dc                uwTick
 .bss.xQueueRegistry
                0x00000000200003e0       0x40 ./FreeRTOS/queue.o
                0x00000000200003e0                xQueueRegistry
 .bss.pxCurrentTCB
                0x0000000020000420        0x4 ./FreeRTOS/tasks.o
                0x0000000020000420                pxCurrentTCB
 .bss.pxReadyTasksLists
                0x0000000020000424       0x64 ./FreeRTOS/tasks.o
 .bss.xDelayedTaskList1
                0x0000000020000488       0x14 ./FreeRTOS/tasks.o
 .bss.xDelayedTaskList2
                0x000000002000049c       0x14 ./FreeRTOS/tasks.o
 .bss.pxDelayedTaskList
                0x00000000200004b0        0x4 ./FreeRTOS/tasks.o
 .bss.pxOverflowDelayedTaskList
                0x00000000200004b4        0x4 ./FreeRTOS/tasks.o
 .bss.xPendingReadyList
                0x00000000200004b8       0x14 ./FreeRTOS/tasks.o
 .bss.xTasksWaitingTermination
                0x00000000200004cc       0x14 ./FreeRTOS/tasks.o
 .bss.uxDeletedTasksWaitingCleanUp
                0x00000000200004e0        0x4 ./FreeRTOS/tasks.o
 .bss.xSuspendedTaskList
                0x00000000200004e4       0x14 ./FreeRTOS/tasks.o
 .bss.uxCurrentNumberOfTasks
                0x00000000200004f8        0x4 ./FreeRTOS/tasks.o
 .bss.xTickCount
                0x00000000200004fc        0x4 ./FreeRTOS/tasks.o
 .bss.uxTopReadyPriority
                0x0000000020000500        0x4 ./FreeRTOS/tasks.o
 .bss.xSchedulerRunning
                0x0000000020000504        0x4 ./FreeRTOS/tasks.o
 .bss.uxPendedTicks
                0x0000000020000508        0x4 ./FreeRTOS/tasks.o
 .bss.xYieldPending
                0x000000002000050c        0x4 ./FreeRTOS/tasks.o
 .bss.xNumOfOverflows
                0x0000000020000510        0x4 ./FreeRTOS/tasks.o
 .bss.uxTaskNumber
                0x0000000020000514        0x4 ./FreeRTOS/tasks.o
 .bss.xNextTaskUnblockTime
                0x0000000020000518        0x4 ./FreeRTOS/tasks.o
 .bss.xIdleTaskHandle
                0x000000002000051c        0x4 ./FreeRTOS/tasks.o
 .bss.uxSchedulerSuspended
                0x0000000020000520        0x4 ./FreeRTOS/tasks.o
 .bss.xActiveTimerList1
                0x0000000020000524       0x14 ./FreeRTOS/timers.o
 .bss.xActiveTimerList2
                0x0000000020000538       0x14 ./FreeRTOS/timers.o
 .bss.pxCurrentTimerList
                0x000000002000054c        0x4 ./FreeRTOS/timers.o
 .bss.pxOverflowTimerList
                0x0000000020000550        0x4 ./FreeRTOS/timers.o
 .bss.xTimerQueue
                0x0000000020000554        0x4 ./FreeRTOS/timers.o
 .bss.xTimerTaskHandle
                0x0000000020000558        0x4 ./FreeRTOS/timers.o
 .bss.xLastTime.0
                0x000000002000055c        0x4 ./FreeRTOS/timers.o
 .bss.ucMaxSysCallPriority
                0x0000000020000560        0x1 ./FreeRTOS/portable/ARM_CM4F/port.o
 *fill*         0x0000000020000561        0x3 
 .bss.ulMaxPRIGROUPValue
                0x0000000020000564        0x4 ./FreeRTOS/portable/ARM_CM4F/port.o
 .bss.ucHeap    0x0000000020000568    0x12c00 ./FreeRTOS/portable/MemMang/heap_4.o
 .bss.xStart    0x0000000020013168        0x8 ./FreeRTOS/portable/MemMang/heap_4.o
 .bss.pxEnd     0x0000000020013170        0x4 ./FreeRTOS/portable/MemMang/heap_4.o
 .bss.xFreeBytesRemaining
                0x0000000020013174        0x4 ./FreeRTOS/portable/MemMang/heap_4.o
 .bss.xMinimumEverFreeBytesRemaining
                0x0000000020013178        0x4 ./FreeRTOS/portable/MemMang/heap_4.o
 .bss.xBlockAllocatedBit
                0x000000002001317c        0x4 ./FreeRTOS/portable/MemMang/heap_4.o
 .bss.__sf      0x0000000020013180      0x138 D:/ST/STM32CubeIDE_1.14.1/STM32CubeIDE/plugins/com.st.stm32cube.ide.mcu.externaltools.gnu-tools-for-stm32.11.3.rel1.win32_1.1.100.202309141235/tools/bin/../lib/gcc/arm-none-eabi/11.3.1/../../../../arm-none-eabi/lib/thumb/v7e-m+fp/hard\libc_nano.a(libc_a-findfp.o)
                0x0000000020013180                __sf
 .bss.errno     0x00000000200132b8        0x4 D:/ST/STM32CubeIDE_1.14.1/STM32CubeIDE/plugins/com.st.stm32cube.ide.mcu.externaltools.gnu-tools-for-stm32.11.3.rel1.win32_1.1.100.202309141235/tools/bin/../lib/gcc/arm-none-eabi/11.3.1/../../../../arm-none-eabi/lib/thumb/v7e-m+fp/hard\libc_nano.a(libc_a-reent.o)
                0x00000000200132b8                errno
 .bss.__lock___malloc_recursive_mutex
                0x00000000200132bc        0x1 D:/ST/STM32CubeIDE_1.14.1/STM32CubeIDE/plugins/com.st.stm32cube.ide.mcu.externaltools.gnu-tools-for-stm32.11.3.rel1.win32_1.1.100.202309141235/tools/bin/../lib/gcc/arm-none-eabi/11.3.1/../../../../arm-none-eabi/lib/thumb/v7e-m+fp/hard\libc_nano.a(libc_a-lock.o)
                0x00000000200132bc                __lock___malloc_recursive_mutex
 *fill*         0x00000000200132bd        0x3 
 .bss.__malloc_free_list
                0x00000000200132c0        0x4 D:/ST/STM32CubeIDE_1.14.1/STM32CubeIDE/plugins/com.st.stm32cube.ide.mcu.externaltools.gnu-tools-for-stm32.11.3.rel1.win32_1.1.100.202309141235/tools/bin/../lib/gcc/arm-none-eabi/11.3.1/../../../../arm-none-eabi/lib/thumb/v7e-m+fp/hard\libc_nano.a(libc_a-mallocr.o)
                0x00000000200132c0                __malloc_free_list
 .bss.__malloc_sbrk_start
                0x00000000200132c4        0x4 D:/ST/STM32CubeIDE_1.14.1/STM32CubeIDE/plugins/com.st.stm32cube.ide.mcu.externaltools.gnu-tools-for-stm32.11.3.rel1.win32_1.1.100.202309141235/tools/bin/../lib/gcc/arm-none-eabi/11.3.1/../../../../arm-none-eabi/lib/thumb/v7e-m+fp/hard\libc_nano.a(libc_a-mallocr.o)
                0x00000000200132c4                __malloc_sbrk_start
 *(COMMON)
                0x00000000200132c8                . = ALIGN (0x4)
                0x00000000200132c8                _ebss = .
                0x00000000200132c8                __bss_end__ = _ebss

._user_heap_stack
                0x00000000200132c8      0x600
                0x00000000200132c8                . = ALIGN (0x8)
                [!provide]                        PROVIDE (end = .)
                0x00000000200132c8                PROVIDE (_end = .)
                0x00000000200134c8                . = (. + _Min_Heap_Size)
 *fill*         0x00000000200132c8      0x200 
                0x00000000200138c8                . = (. + _Min_Stack_Size)
 *fill*         0x00000000200134c8      0x400 
                0x00000000200138c8                . = ALIGN (0x8)

/DISCARD/
 libc.a(*)
 libm.a(*)
 libgcc.a(*)

.ARM.attributes
                0x0000000000000000       0x30
 *(.ARM.attributes)
 .ARM.attributes
                0x0000000000000000       0x1e D:/ST/STM32CubeIDE_1.14.1/STM32CubeIDE/plugins/com.st.stm32cube.ide.mcu.externaltools.gnu-tools-for-stm32.11.3.rel1.win32_1.1.100.202309141235/tools/bin/../lib/gcc/arm-none-eabi/11.3.1/thumb/v7e-m+fp/hard/crti.o
 .ARM.attributes
                0x000000000000001e       0x34 D:/ST/STM32CubeIDE_1.14.1/STM32CubeIDE/plugins/com.st.stm32cube.ide.mcu.externaltools.gnu-tools-for-stm32.11.3.rel1.win32_1.1.100.202309141235/tools/bin/../lib/gcc/arm-none-eabi/11.3.1/thumb/v7e-m+fp/hard/crtbegin.o
 .ARM.attributes
                0x0000000000000052       0x34 ./Core/Src/card_db.o
 .ARM.attributes
                0x0000000000000086       0x34 ./Core/Src/dma.o
 .ARM.attributes
                0x00000000000000ba       0x34 ./Core/Src/gpio.o
 .ARM.attributes
                0x00000000000000ee       0x34 ./Core/Src/i2c.o
 .ARM.attributes
                0x0000000000000122       0x34 ./Core/Src/main.o
 .ARM.attributes
                0x0000000000000156       0x34 ./Core/Src/rc522.o
 .ARM.attributes
                0x000000000000018a       0x34 ./Core/Src/spi.o
 .ARM.attributes
                0x00000000000001be       0x34 ./Core/Src/stm32f4xx_hal_msp.o
 .ARM.attributes
                0x00000000000001f2       0x34 ./Core/Src/stm32f4xx_hal_timebase_tim.o
 .ARM.attributes
                0x0000000000000226       0x34 ./Core/Src/stm32f4xx_it.o
 .ARM.attributes
                0x000000000000025a       0x34 ./Core/Src/sysmem.o
 .ARM.attributes
                0x000000000000028e       0x34 ./Core/Src/system_stm32f4xx.o
 .ARM.attributes
                0x00000000000002c2       0x34 ./Core/Src/usart.o
 .ARM.attributes
                0x00000000000002f6       0x21 ./Core/Startup/startup_stm32f407vgtx.o
 .ARM.attributes
                0x0000000000000317       0x34 ./Drivers/LCD1602_I2C/lcd1602_i2c.o
 .ARM.attributes
                0x000000000000034b       0x34 ./Drivers/STM32F4xx_HAL_Driver/Src/stm32f4xx_hal.o
 .ARM.attributes
                0x000000000000037f       0x34 ./Drivers/STM32F4xx_HAL_Driver/Src/stm32f4xx_hal_cortex.o
 .ARM.attributes
                0x00000000000003b3       0x34 ./Drivers/STM32F4xx_HAL_Driver/Src/stm32f4xx_hal_dma.o
 .ARM.attributes
                0x00000000000003e7       0x34 ./Drivers/STM32F4xx_HAL_Driver/Src/stm32f4xx_hal_flash.o
 .ARM.attributes
                0x000000000000041b       0x34 ./Drivers/STM32F4xx_HAL_Driver/Src/stm32f4xx_hal_flash_ex.o
 .ARM.attributes
                0x000000000000044f       0x34 ./Drivers/STM32F4xx_HAL_Driver/Src/stm32f4xx_hal_gpio.o
 .ARM.attributes
                0x0000000000000483       0x34 ./Drivers/STM32F4xx_HAL_Driver/Src/stm32f4xx_hal_i2c.o
 .ARM.attributes
                0x00000000000004b7       0x34 ./Drivers/STM32F4xx_HAL_Driver/Src/stm32f4xx_hal_rcc.o
 .ARM.attributes
                0x00000000000004eb       0x34 ./Drivers/STM32F4xx_HAL_Driver/Src/stm32f4xx_hal_spi.o
 .ARM.attributes
                0x000000000000051f       0x34 ./Drivers/STM32F4xx_HAL_Driver/Src/stm32f4xx_hal_tim.o
 .ARM.attributes
                0x0000000000000553       0x34 ./Drivers/STM32F4xx_HAL_Driver/Src/stm32f4xx_hal_tim_ex.o
 .ARM.attributes
                0x0000000000000587       0x34 ./Drivers/STM32F4xx_HAL_Driver/Src/stm32f4xx_hal_uart.o
 .ARM.attributes
                0x00000000000005bb       0x34 ./FreeRTOS/list.o
 .ARM.attributes
                0x00000000000005ef       0x34 ./FreeRTOS/queue.o
 .ARM.attributes
                0x0000000000000623       0x34 ./FreeRTOS/tasks.o
 .ARM.attributes
                0x0000000000000657       0x34 ./FreeRTOS/timers.o
 .ARM.attributes
                0x000000000000068b       0x34 ./FreeRTOS/portable/ARM_CM4F/port.o
 .ARM.attributes
                0x00000000000006bf       0x34 ./FreeRTOS/portable/MemMang/heap_4.o
 .ARM.attributes
                0x00000000000006f3       0x34 D:/ST/STM32CubeIDE_1.14.1/STM32CubeIDE/plugins/com.st.stm32cube.ide.mcu.externaltools.gnu-tools-for-stm32.11.3.rel1.win32_1.1.100.202309141235/tools/bin/../lib/gcc/arm-none-eabi/11.3.1/../../../../arm-none-eabi/lib/thumb/v7e-m+fp/hard\libc_nano.a(libc_a-findfp.o)
 .ARM.attributes
                0x0000000000000727       0x34 D:/ST/STM32CubeIDE_1.14.1/STM32CubeIDE/plugins/com.st.stm32cube.ide.mcu.externaltools.gnu-tools-for-stm32.11.3.rel1.win32_1.1.100.202309141235/tools/bin/../lib/gcc/arm-none-eabi/11.3.1/../../../../arm-none-eabi/lib/thumb/v7e-m+fp/hard\libc_nano.a(libc_a-snprintf.o)
 .ARM.attributes
                0x000000000000075b       0x34 D:/ST/STM32CubeIDE_1.14.1/STM32CubeIDE/plugins/com.st.stm32cube.ide.mcu.externaltools.gnu-tools-for-stm32.11.3.rel1.win32_1.1.100.202309141235/tools/bin/../lib/gcc/arm-none-eabi/11.3.1/../../../../arm-none-eabi/lib/thumb/v7e-m+fp/hard\libc_nano.a(libc_a-sprintf.o)
 .ARM.attributes
                0x000000000000078f       0x34 D:/ST/STM32CubeIDE_1.14.1/STM32CubeIDE/plugins/com.st.stm32cube.ide.mcu.externaltools.gnu-tools-for-stm32.11.3.rel1.win32_1.1.100.202309141235/tools/bin/../lib/gcc/arm-none-eabi/11.3.1/../../../../arm-none-eabi/lib/thumb/v7e-m+fp/hard\libc_nano.a(libc_a-memcmp.o)
 .ARM.attributes
                0x00000000000007c3       0x34 D:/ST/STM32CubeIDE_1.14.1/STM32CubeIDE/plugins/com.st.stm32cube.ide.mcu.externaltools.gnu-tools-for-stm32.11.3.rel1.win32_1.1.100.202309141235/tools/bin/../lib/gcc/arm-none-eabi/11.3.1/../../../../arm-none-eabi/lib/thumb/v7e-m+fp/hard\libc_nano.a(libc_a-memset.o)
 .ARM.attributes
                0x00000000000007f7       0x34 D:/ST/STM32CubeIDE_1.14.1/STM32CubeIDE/plugins/com.st.stm32cube.ide.mcu.externaltools.gnu-tools-for-stm32.11.3.rel1.win32_1.1.100.202309141235/tools/bin/../lib/gcc/arm-none-eabi/11.3.1/../../../../arm-none-eabi/lib/thumb/v7e-m+fp/hard\libc_nano.a(libc_a-strncmp.o)
 .ARM.attributes
                0x000000000000082b       0x34 D:/ST/STM32CubeIDE_1.14.1/STM32CubeIDE/plugins/com.st.stm32cube.ide.mcu.externaltools.gnu-tools-for-stm32.11.3.rel1.win32_1.1.100.202309141235/tools/bin/../lib/gcc/arm-none-eabi/11.3.1/../../../../arm-none-eabi/lib/thumb/v7e-m+fp/hard\libc_nano.a(libc_a-reent.o)
 .ARM.attributes
                0x000000000000085f       0x34 D:/ST/STM32CubeIDE_1.14.1/STM32CubeIDE/plugins/com.st.stm32cube.ide.mcu.externaltools.gnu-tools-for-stm32.11.3.rel1.win32_1.1.100.202309141235/tools/bin/../lib/gcc/arm-none-eabi/11.3.1/../../../../arm-none-eabi/lib/thumb/v7e-m+fp/hard\libc_nano.a(libc_a-impure.o)
 .ARM.attributes
                0x0000000000000893       0x34 D:/ST/STM32CubeIDE_1.14.1/STM32CubeIDE/plugins/com.st.stm32cube.ide.mcu.externaltools.gnu-tools-for-stm32.11.3.rel1.win32_1.1.100.202309141235/tools/bin/../lib/gcc/arm-none-eabi/11.3.1/../../../../arm-none-eabi/lib/thumb/v7e-m+fp/hard\libc_nano.a(libc_a-errno.o)
 .ARM.attributes
                0x00000000000008c7       0x34 D:/ST/STM32CubeIDE_1.14.1/STM32CubeIDE/plugins/com.st.stm32cube.ide.mcu.externaltools.gnu-tools-for-stm32.11.3.rel1.win32_1.1.100.202309141235/tools/bin/../lib/gcc/arm-none-eabi/11.3.1/../../../../arm-none-eabi/lib/thumb/v7e-m+fp/hard\libc_nano.a(libc_a-init.o)
 .ARM.attributes
                0x00000000000008fb       0x34 D:/ST/STM32CubeIDE_1.14.1/STM32CubeIDE/plugins/com.st.stm32cube.ide.mcu.externaltools.gnu-tools-for-stm32.11.3.rel1.win32_1.1.100.202309141235/tools/bin/../lib/gcc/arm-none-eabi/11.3.1/../../../../arm-none-eabi/lib/thumb/v7e-m+fp/hard\libc_nano.a(libc_a-lock.o)
 .ARM.attributes
                0x000000000000092f       0x34 D:/ST/STM32CubeIDE_1.14.1/STM32CubeIDE/plugins/com.st.stm32cube.ide.mcu.externaltools.gnu-tools-for-stm32.11.3.rel1.win32_1.1.100.202309141235/tools/bin/../lib/gcc/arm-none-eabi/11.3.1/../../../../arm-none-eabi/lib/thumb/v7e-m+fp/hard\libc_nano.a(libc_a-memcpy-stub.o)
 .ARM.attributes
                0x0000000000000963       0x17 D:/ST/STM32CubeIDE_1.14.1/STM32CubeIDE/plugins/com.st.stm32cube.ide.mcu.externaltools.gnu-tools-for-stm32.11.3.rel1.win32_1.1.100.202309141235/tools/bin/../lib/gcc/arm-none-eabi/11.3.1/../../../../arm-none-eabi/lib/thumb/v7e-m+fp/hard\libc_nano.a(libc_a-strlen.o)
 .ARM.attributes
                0x000000000000097a       0x34 D:/ST/STM32CubeIDE_1.14.1/STM32CubeIDE/plugins/com.st.stm32cube.ide.mcu.externaltools.gnu-tools-for-stm32.11.3.rel1.win32_1.1.100.202309141235/tools/bin/../lib/gcc/arm-none-eabi/11.3.1/../../../../arm-none-eabi/lib/thumb/v7e-m+fp/hard\libc_nano.a(libc_a-freer.o)
 .ARM.attributes
                0x00000000000009ae       0x34 D:/ST/STM32CubeIDE_1.14.1/STM32CubeIDE/plugins/com.st.stm32cube.ide.mcu.externaltools.gnu-tools-for-stm32.11.3.rel1.win32_1.1.100.202309141235/tools/bin/../lib/gcc/arm-none-eabi/11.3.1/../../../../arm-none-eabi/lib/thumb/v7e-m+fp/hard\libc_nano.a(libc_a-mallocr.o)
 .ARM.attributes
                0x00000000000009e2       0x34 D:/ST/STM32CubeIDE_1.14.1/STM32CubeIDE/plugins/com.st.stm32cube.ide.mcu.externaltools.gnu-tools-for-stm32.11.3.rel1.win32_1.1.100.202309141235/tools/bin/../lib/gcc/arm-none-eabi/11.3.1/../../../../arm-none-eabi/lib/thumb/v7e-m+fp/hard\libc_nano.a(libc_a-mlock.o)
 .ARM.attributes
                0x0000000000000a16       0x34 D:/ST/STM32CubeIDE_1.14.1/STM32CubeIDE/plugins/com.st.stm32cube.ide.mcu.externaltools.gnu-tools-for-stm32.11.3.rel1.win32_1.1.100.202309141235/tools/bin/../lib/gcc/arm-none-eabi/11.3.1/../../../../arm-none-eabi/lib/thumb/v7e-m+fp/hard\libc_nano.a(libc_a-nano-svfprintf.o)
 .ARM.attributes
                0x0000000000000a4a       0x34 D:/ST/STM32CubeIDE_1.14.1/STM32CubeIDE/plugins/com.st.stm32cube.ide.mcu.externaltools.gnu-tools-for-stm32.11.3.rel1.win32_1.1.100.202309141235/tools/bin/../lib/gcc/arm-none-eabi/11.3.1/../../../../arm-none-eabi/lib/thumb/v7e-m+fp/hard\libc_nano.a(libc_a-nano-vfprintf_i.o)
 .ARM.attributes
                0x0000000000000a7e       0x34 D:/ST/STM32CubeIDE_1.14.1/STM32CubeIDE/plugins/com.st.stm32cube.ide.mcu.externaltools.gnu-tools-for-stm32.11.3.rel1.win32_1.1.100.202309141235/tools/bin/../lib/gcc/arm-none-eabi/11.3.1/../../../../arm-none-eabi/lib/thumb/v7e-m+fp/hard\libc_nano.a(libc_a-memmove.o)
 .ARM.attributes
                0x0000000000000ab2       0x34 D:/ST/STM32CubeIDE_1.14.1/STM32CubeIDE/plugins/com.st.stm32cube.ide.mcu.externaltools.gnu-tools-for-stm32.11.3.rel1.win32_1.1.100.202309141235/tools/bin/../lib/gcc/arm-none-eabi/11.3.1/../../../../arm-none-eabi/lib/thumb/v7e-m+fp/hard\libc_nano.a(libc_a-sbrkr.o)
 .ARM.attributes
                0x0000000000000ae6       0x1c D:/ST/STM32CubeIDE_1.14.1/STM32CubeIDE/plugins/com.st.stm32cube.ide.mcu.externaltools.gnu-tools-for-stm32.11.3.rel1.win32_1.1.100.202309141235/tools/bin/../lib/gcc/arm-none-eabi/11.3.1/../../../../arm-none-eabi/lib/thumb/v7e-m+fp/hard\libc_nano.a(libc_a-memchr.o)
 .ARM.attributes
                0x0000000000000b02       0x34 D:/ST/STM32CubeIDE_1.14.1/STM32CubeIDE/plugins/com.st.stm32cube.ide.mcu.externaltools.gnu-tools-for-stm32.11.3.rel1.win32_1.1.100.202309141235/tools/bin/../lib/gcc/arm-none-eabi/11.3.1/../../../../arm-none-eabi/lib/thumb/v7e-m+fp/hard\libc_nano.a(libc_a-reallocr.o)
 .ARM.attributes
                0x0000000000000b36       0x34 D:/ST/STM32CubeIDE_1.14.1/STM32CubeIDE/plugins/com.st.stm32cube.ide.mcu.externaltools.gnu-tools-for-stm32.11.3.rel1.win32_1.1.100.202309141235/tools/bin/../lib/gcc/arm-none-eabi/11.3.1/../../../../arm-none-eabi/lib/thumb/v7e-m+fp/hard\libc_nano.a(libc_a-msizer.o)
 .ARM.attributes
                0x0000000000000b6a       0x1e D:/ST/STM32CubeIDE_1.14.1/STM32CubeIDE/plugins/com.st.stm32cube.ide.mcu.externaltools.gnu-tools-for-stm32.11.3.rel1.win32_1.1.100.202309141235/tools/bin/../lib/gcc/arm-none-eabi/11.3.1/thumb/v7e-m+fp/hard\libgcc.a(_aeabi_uldivmod.o)
 .ARM.attributes
                0x0000000000000b88       0x34 D:/ST/STM32CubeIDE_1.14.1/STM32CubeIDE/plugins/com.st.stm32cube.ide.mcu.externaltools.gnu-tools-for-stm32.11.3.rel1.win32_1.1.100.202309141235/tools/bin/../lib/gcc/arm-none-eabi/11.3.1/thumb/v7e-m+fp/hard\libgcc.a(_udivmoddi4.o)
 .ARM.attributes
                0x0000000000000bbc       0x1e D:/ST/STM32CubeIDE_1.14.1/STM32CubeIDE/plugins/com.st.stm32cube.ide.mcu.externaltools.gnu-tools-for-stm32.11.3.rel1.win32_1.1.100.202309141235/tools/bin/../lib/gcc/arm-none-eabi/11.3.1/thumb/v7e-m+fp/hard\libgcc.a(_dvmd_tls.o)
 .ARM.attributes
                0x0000000000000bda       0x1e D:/ST/STM32CubeIDE_1.14.1/STM32CubeIDE/plugins/com.st.stm32cube.ide.mcu.externaltools.gnu-tools-for-stm32.11.3.rel1.win32_1.1.100.202309141235/tools/bin/../lib/gcc/arm-none-eabi/11.3.1/thumb/v7e-m+fp/hard/crtn.o
OUTPUT(Project0.elf elf32-littlearm)
LOAD linker stubs
LOAD D:/ST/STM32CubeIDE_1.14.1/STM32CubeIDE/plugins/com.st.stm32cube.ide.mcu.externaltools.gnu-tools-for-stm32.11.3.rel1.win32_1.1.100.202309141235/tools/bin/../lib/gcc/arm-none-eabi/11.3.1/../../../../arm-none-eabi/lib/thumb/v7e-m+fp/hard\libc.a